Archive member included to satisfy reference by file (symbol)

d:/simplicity/developer/toolchains/gnu_arm/7.2_2017q4/bin/../lib/gcc/arm-none-eabi/7.2.1/thumb/v6-m\libgcc.a(_thumb1_case_sqi.o)
                              ./emlib/em_cmu.o (__gnu_thumb1_case_sqi)
d:/simplicity/developer/toolchains/gnu_arm/7.2_2017q4/bin/../lib/gcc/arm-none-eabi/7.2.1/thumb/v6-m\libgcc.a(_thumb1_case_uqi.o)
                              ./emlib/em_adc.o (__gnu_thumb1_case_uqi)
d:/simplicity/developer/toolchains/gnu_arm/7.2_2017q4/bin/../lib/gcc/arm-none-eabi/7.2.1/thumb/v6-m\libgcc.a(_thumb1_case_uhi.o)
                              ./emlib/em_i2c.o (__gnu_thumb1_case_uhi)
d:/simplicity/developer/toolchains/gnu_arm/7.2_2017q4/bin/../lib/gcc/arm-none-eabi/7.2.1/thumb/v6-m\libgcc.a(_udivsi3.o)
                              ./Drivers/capsense.o (__aeabi_uidiv)
d:/simplicity/developer/toolchains/gnu_arm/7.2_2017q4/bin/../lib/gcc/arm-none-eabi/7.2.1/thumb/v6-m\libgcc.a(_divsi3.o)
                              ./Graphics/glib_line.o (__aeabi_idiv)
d:/simplicity/developer/toolchains/gnu_arm/7.2_2017q4/bin/../lib/gcc/arm-none-eabi/7.2.1/thumb/v6-m\libgcc.a(_dvmd_tls.o)
                              d:/simplicity/developer/toolchains/gnu_arm/7.2_2017q4/bin/../lib/gcc/arm-none-eabi/7.2.1/thumb/v6-m\libgcc.a(_udivsi3.o) (__aeabi_idiv0)
d:/simplicity/developer/toolchains/gnu_arm/7.2_2017q4/bin/../lib/gcc/arm-none-eabi/7.2.1/thumb/v6-m\libgcc.a(_lshrdi3.o)
                              ./service/sl_sleeptimer.o (__aeabi_llsr)
d:/simplicity/developer/toolchains/gnu_arm/7.2_2017q4/bin/../lib/gcc/arm-none-eabi/7.2.1/thumb/v6-m\libgcc.a(_clzsi2.o)
                              ./emlib/em_cmu.o (__clzsi2)
d:/simplicity/developer/toolchains/gnu_arm/7.2_2017q4/bin/../lib/gcc/arm-none-eabi/7.2.1/thumb/v6-m\libgcc.a(_aeabi_ldivmod.o)
                              ./emlib/em_usart.o (__aeabi_ldivmod)
d:/simplicity/developer/toolchains/gnu_arm/7.2_2017q4/bin/../lib/gcc/arm-none-eabi/7.2.1/thumb/v6-m\libgcc.a(_aeabi_uldivmod.o)
                              ./emlib/em_usart.o (__aeabi_uldivmod)
d:/simplicity/developer/toolchains/gnu_arm/7.2_2017q4/bin/../lib/gcc/arm-none-eabi/7.2.1/thumb/v6-m\libgcc.a(_muldi3.o)
                              ./emlib/em_usart.o (__aeabi_lmul)
d:/simplicity/developer/toolchains/gnu_arm/7.2_2017q4/bin/../lib/gcc/arm-none-eabi/7.2.1/thumb/v6-m\libgcc.a(_udivmoddi4.o)
                              d:/simplicity/developer/toolchains/gnu_arm/7.2_2017q4/bin/../lib/gcc/arm-none-eabi/7.2.1/thumb/v6-m\libgcc.a(_aeabi_uldivmod.o) (__udivmoddi4)
d:/simplicity/developer/toolchains/gnu_arm/7.2_2017q4/bin/../lib/gcc/arm-none-eabi/7.2.1/thumb/v6-m\libgcc.a(bpabi.o)
                              d:/simplicity/developer/toolchains/gnu_arm/7.2_2017q4/bin/../lib/gcc/arm-none-eabi/7.2.1/thumb/v6-m\libgcc.a(_aeabi_ldivmod.o) (__gnu_ldivmod_helper)
d:/simplicity/developer/toolchains/gnu_arm/7.2_2017q4/bin/../lib/gcc/arm-none-eabi/7.2.1/thumb/v6-m\libgcc.a(addsf3.o)
                              ./Graphics/glib_polygon.o (__aeabi_fadd)
d:/simplicity/developer/toolchains/gnu_arm/7.2_2017q4/bin/../lib/gcc/arm-none-eabi/7.2.1/thumb/v6-m\libgcc.a(divsf3.o)
                              ./Graphics/glib_polygon.o (__aeabi_fdiv)
d:/simplicity/developer/toolchains/gnu_arm/7.2_2017q4/bin/../lib/gcc/arm-none-eabi/7.2.1/thumb/v6-m\libgcc.a(mulsf3.o)
                              ./Graphics/glib_polygon.o (__aeabi_fmul)
d:/simplicity/developer/toolchains/gnu_arm/7.2_2017q4/bin/../lib/gcc/arm-none-eabi/7.2.1/thumb/v6-m\libgcc.a(fixsfsi.o)
                              ./Graphics/glib_polygon.o (__aeabi_f2iz)
d:/simplicity/developer/toolchains/gnu_arm/7.2_2017q4/bin/../lib/gcc/arm-none-eabi/7.2.1/thumb/v6-m\libgcc.a(floatsisf.o)
                              ./Graphics/glib_polygon.o (__aeabi_i2f)
d:/simplicity/developer/toolchains/gnu_arm/7.2_2017q4/bin/../lib/gcc/arm-none-eabi/7.2.1/thumb/v6-m\libgcc.a(_clzdi2.o)
                              d:/simplicity/developer/toolchains/gnu_arm/7.2_2017q4/bin/../lib/gcc/arm-none-eabi/7.2.1/thumb/v6-m\libgcc.a(_udivmoddi4.o) (__clzdi2)
d:/simplicity/developer/toolchains/gnu_arm/7.2_2017q4/bin/../lib/gcc/arm-none-eabi/7.2.1/thumb/v6-m\libgcc.a(_divdi3.o)
                              d:/simplicity/developer/toolchains/gnu_arm/7.2_2017q4/bin/../lib/gcc/arm-none-eabi/7.2.1/thumb/v6-m\libgcc.a(bpabi.o) (__divdi3)
d:/simplicity/developer/toolchains/gnu_arm/7.2_2017q4/bin/../lib/gcc/arm-none-eabi/7.2.1/../../../../arm-none-eabi/lib/thumb/v6-m\libc_nano.a(lib_a-abs.o)
                              ./src/functions.o (abs)
d:/simplicity/developer/toolchains/gnu_arm/7.2_2017q4/bin/../lib/gcc/arm-none-eabi/7.2.1/../../../../arm-none-eabi/lib/thumb/v6-m\libc_nano.a(lib_a-exit.o)
                              d:/simplicity/developer/toolchains/gnu_arm/7.2_2017q4/bin/../lib/gcc/arm-none-eabi/7.2.1/../../../../arm-none-eabi/lib/thumb/v6-m/crt0.o (exit)
[...]
Memory Configuration

Name             Origin             Length             Attributes
FLASH            0x00000000         0x00008000         xr
RAM              0x20000000         0x00001000         xrw
*default*        0x00000000         0xffffffff

Linker script and memory map

LOAD d:/simplicity/developer/toolchains/gnu_arm/7.2_2017q4/bin/../lib/gcc/arm-none-eabi/7.2.1/thumb/v6-m/crti.o
LOAD d:/simplicity/developer/toolchains/gnu_arm/7.2_2017q4/bin/../lib/gcc/arm-none-eabi/7.2.1/thumb/v6-m/crtbegin.o
LOAD d:/simplicity/developer/toolchains/gnu_arm/7.2_2017q4/bin/../lib/gcc/arm-none-eabi/7.2.1/../../../../arm-none-eabi/lib/thumb/v6-m/crt0.o
LOAD ./BSP/bsp_bcc.o
LOAD ./BSP/bsp_stk.o
LOAD ./BSP/bsp_stk_leds.o
LOAD ./CMSIS/EFM32ZG/startup_efm32zg.o
LOAD ./CMSIS/EFM32ZG/system_efm32zg.o
LOAD ./Drivers/capsense.o
LOAD ./Drivers/display.o
LOAD ./Drivers/displayls013b7dh03.o
LOAD ./Drivers/displaypalemlib.o
LOAD ./Drivers/i2cspm.o
LOAD ./Drivers/si1147_i2c.o
LOAD ./Drivers/si114x_algorithm.o
LOAD ./Drivers/si114x_functions.o
LOAD ./Drivers/si7013.o
LOAD ./Drivers/udelay.o
LOAD ./Graphics/dmd_display.o
LOAD ./Graphics/glib.o
LOAD ./Graphics/glib_bitmap.o
LOAD ./Graphics/glib_circle.o
LOAD ./Graphics/glib_font_narrow_6x8.o
LOAD ./Graphics/glib_font_normal_8x8.o
LOAD ./Graphics/glib_font_number_16x20.o
LOAD ./Graphics/glib_line.o
LOAD ./Graphics/glib_polygon.o
LOAD ./Graphics/glib_rectangle.o
LOAD ./Graphics/glib_string.o
LOAD ./emlib/em_acmp.o
LOAD ./emlib/em_adc.o
LOAD ./emlib/em_assert.o
LOAD ./emlib/em_cmu.o
LOAD ./emlib/em_core.o
LOAD ./emlib/em_emu.o
LOAD ./emlib/em_gpio.o
LOAD ./emlib/em_i2c.o
LOAD ./emlib/em_leuart.o
LOAD ./emlib/em_rtc.o
LOAD ./emlib/em_timer.o
LOAD ./emlib/em_usart.o
LOAD ./service/sl_sleeptimer.o
LOAD ./service/sl_sleeptimer_hal_rtc.o
LOAD ./src/functions.o
LOAD ./src/init.o
LOAD ./src/menu.o
START GROUP
LOAD d:/simplicity/developer/toolchains/gnu_arm/7.2_2017q4/bin/../lib/gcc/arm-none-eabi/7.2.1/thumb/v6-m\libgcc.a
LOAD d:/simplicity/developer/toolchains/gnu_arm/7.2_2017q4/bin/../lib/gcc/arm-none-eabi/7.2.1/../../../../arm-none-eabi/lib/thumb/v6-m\libc_nano.a
LOAD d:/simplicity/developer/toolchains/gnu_arm/7.2_2017q4/bin/../lib/gcc/arm-none-eabi/7.2.1/../../../../arm-none-eabi/lib/thumb/v6-m\libnosys.a
END GROUP
START GROUP
LOAD d:/simplicity/developer/toolchains/gnu_arm/7.2_2017q4/bin/../lib/gcc/arm-none-eabi/7.2.1/thumb/v6-m\libgcc.a
LOAD d:/simplicity/developer/toolchains/gnu_arm/7.2_2017q4/bin/../lib/gcc/arm-none-eabi/7.2.1/../../../../arm-none-eabi/lib/thumb/v6-m\libg_nano.a
LOAD d:/simplicity/developer/toolchains/gnu_arm/7.2_2017q4/bin/../lib/gcc/arm-none-eabi/7.2.1/../../../../arm-none-eabi/lib/thumb/v6-m\libc_nano.a
END GROUP
START GROUP
LOAD d:/simplicity/developer/toolchains/gnu_arm/7.2_2017q4/bin/../lib/gcc/arm-none-eabi/7.2.1/thumb/v6-m\libgcc.a
LOAD d:/simplicity/developer/toolchains/gnu_arm/7.2_2017q4/bin/../lib/gcc/arm-none-eabi/7.2.1/../../../../arm-none-eabi/lib/thumb/v6-m\libc_nano.a
END GROUP
LOAD d:/simplicity/developer/toolchains/gnu_arm/7.2_2017q4/bin/../lib/gcc/arm-none-eabi/7.2.1/thumb/v6-m/crtend.o
LOAD d:/simplicity/developer/toolchains/gnu_arm/7.2_2017q4/bin/../lib/gcc/arm-none-eabi/7.2.1/thumb/v6-m/crtn.o

.text           0x00000000     0x59e8
 *(.vectors)
 .vectors       0x00000000       0x8c ./CMSIS/EFM32ZG/startup_efm32zg.o
                0x00000000                __Vectors
                0x0000008c                __Vectors_End = .
                0x0000008c                __Vectors_Size = (__Vectors_End - __Vectors)
                0x0000008c                __end__ = .
 *(.text*)
 .text          0x0000008c       0x48 d:/simplicity/developer/toolchains/gnu_arm/7.2_2017q4/bin/../lib/gcc/arm-none-eabi/7.2.1/thumb/v6-m/crtbegin.o
 .text          0x000000d4       0x78 d:/simplicity/developer/toolchains/gnu_arm/7.2_2017q4/bin/../lib/gcc/arm-none-eabi/7.2.1/../../../../arm-none-eabi/lib/thumb/v6-m/crt0.o
                0x000000d4                _start
                0x000000d4                _mainCRTStartup
 .text.BSP_LedsInit
                0x0000014c       0x38 ./BSP/bsp_stk_leds.o
                0x0000014c                BSP_LedsInit
 .text.BSP_LedClear
                0x00000184       0x30 ./BSP/bsp_stk_leds.o
                0x00000184                BSP_LedClear
 .text.BSP_LedSet
                0x000001b4       0x30 ./BSP/bsp_stk_leds.o
                0x000001b4                BSP_LedSet
 .text          0x000001e4       0x30 ./CMSIS/EFM32ZG/startup_efm32zg.o
                0x000001e4                Reset_Handler
                0x00000210                HardFault_Handler
                0x00000210                USART1_RX_IRQHandler
                0x00000210                PendSV_Handler
                0x00000210                NMI_Handler
                0x00000210                USART1_TX_IRQHandler
                0x00000210                MSC_IRQHandler
                0x00000210                ADC0_IRQHandler
                0x00000210                LEUART0_IRQHandler
                0x00000210                GPIO_EVEN_IRQHandler
                0x00000210                I2C0_IRQHandler
                0x00000210                TIMER1_IRQHandler
                0x00000210                Default_Handler
                0x00000210                PCNT0_IRQHandler
                0x00000210                sl_app_properties
                0x00000210                ACMP0_IRQHandler
                0x00000210                SVC_Handler
                0x00000210                CMU_IRQHandler
                0x00000210                GPIO_ODD_IRQHandler
                0x00000210                AES_IRQHandler
                0x00000210                VCMP_IRQHandler
                0x00000210                DMA_IRQHandler
 .text.SystemMaxCoreClockGet
                0x00000214        0x8 ./CMSIS/EFM32ZG/system_efm32zg.o
                0x00000214                SystemMaxCoreClockGet
 .text.SystemHFClockGet
                0x0000021c       0x98 ./CMSIS/EFM32ZG/system_efm32zg.o
                0x0000021c                SystemHFClockGet
 .text.SystemCoreClockGet
                0x000002b4       0x20 ./CMSIS/EFM32ZG/system_efm32zg.o
                0x000002b4                SystemCoreClockGet
 .text.SystemInit
                0x000002d4       0x10 ./CMSIS/EFM32ZG/system_efm32zg.o
                0x000002d4                SystemInit
 .text.SystemLFRCOClockGet
                0x000002e4        0x6 ./CMSIS/EFM32ZG/system_efm32zg.o
                0x000002e4                SystemLFRCOClockGet
 .text.SystemULFRCOClockGet
                0x000002ea        0x6 ./CMSIS/EFM32ZG/system_efm32zg.o
                0x000002ea                SystemULFRCOClockGet
 .text.SystemLFXOClockGet
                0x000002f0        0xc ./CMSIS/EFM32ZG/system_efm32zg.o
                0x000002f0                SystemLFXOClockGet
 .text.TIMER0_IRQHandler
                0x000002fc       0x4c ./Drivers/capsense.o
                0x000002fc                TIMER0_IRQHandler
 .text.CAPSENSE_getPressed
                0x00000348       0x20 ./Drivers/capsense.o
                0x00000348                CAPSENSE_getPressed
 .text.CAPSENSE_Sense
                0x00000368       0x80 ./Drivers/capsense.o
                0x00000368                CAPSENSE_Sense
 .text.CAPSENSE_Init
                0x000003e8       0xb0 ./Drivers/capsense.o
                0x000003e8                CAPSENSE_Init
 .text.DISPLAY_Init
                0x00000498       0x2c ./Drivers/display.o
                0x00000498                DISPLAY_Init
 .text.DISPLAY_DeviceGet
                0x000004c4       0x3c ./Drivers/display.o
                0x000004c4                DISPLAY_DeviceGet
 .text.DISPLAY_DeviceRegister
                0x00000500       0x44 ./Drivers/display.o
                0x00000500                DISPLAY_DeviceRegister
 .text.PixelMatrixAllocate
                0x00000544       0x38 ./Drivers/displayls013b7dh03.o
 .text.PixelMatrixFree
                0x0000057c        0x8 ./Drivers/displayls013b7dh03.o
 .text.DriverRefresh
                0x00000584        0xe ./Drivers/displayls013b7dh03.o
 .text.PixelMatrixClear
                0x00000592       0x2c ./Drivers/displayls013b7dh03.o
 .text.PixelMatrixDraw
                0x000005be       0x76 ./Drivers/displayls013b7dh03.o
 .text.DisplayPolarityInverse
                0x00000634        0xc ./Drivers/displayls013b7dh03.o
 .text.DisplayEnable.part.0
                0x00000640       0x14 ./Drivers/displayls013b7dh03.o
 .text.DisplayEnable
                0x00000654       0x20 ./Drivers/displayls013b7dh03.o
 .text.DISPLAY_Ls013b7dh03Init
                0x00000674       0xf0 ./Drivers/displayls013b7dh03.o
                0x00000674                DISPLAY_Ls013b7dh03Init
 .text.PAL_SpiInit
                0x00000764       0x48 ./Drivers/displaypalemlib.o
                0x00000764                PAL_SpiInit
 .text.PAL_SpiTransmit
                0x000007ac       0x44 ./Drivers/displaypalemlib.o
                0x000007ac                PAL_SpiTransmit
 .text.PAL_TimerInit
                0x000007f0        0xa ./Drivers/displaypalemlib.o
                0x000007f0                PAL_TimerInit
 .text.PAL_TimerMicroSecondsDelay
                0x000007fa        0xa ./Drivers/displaypalemlib.o
                0x000007fa                PAL_TimerMicroSecondsDelay
 .text.PAL_TimerRepeat
                0x00000804        0x4 ./Drivers/displaypalemlib.o
                0x00000804                PAL_TimerRepeat
 .text.PAL_GpioInit
                0x00000808       0x14 ./Drivers/displaypalemlib.o
                0x00000808                PAL_GpioInit
 .text.PAL_GpioPinModeSet
                0x0000081c       0x1c ./Drivers/displaypalemlib.o
                0x0000081c                PAL_GpioPinModeSet
 .text.PAL_GpioPinOutSet
                0x00000838       0x18 ./Drivers/displaypalemlib.o
                0x00000838                PAL_GpioPinOutSet
 .text.PAL_GpioPinOutClear
                0x00000850       0x18 ./Drivers/displaypalemlib.o
                0x00000850                PAL_GpioPinOutClear
 .text.PAL_GpioPinOutToggle
                0x00000868       0x18 ./Drivers/displaypalemlib.o
                0x00000868                PAL_GpioPinOutToggle
 .text.I2CSPM_Init
                0x00000880       0x94 ./Drivers/i2cspm.o
                0x00000880                I2CSPM_Init
 .text.I2CSPM_Transfer
                0x00000914       0x24 ./Drivers/i2cspm.o
                0x00000914                I2CSPM_Transfer
 .text.Si1147_Read_Register
                0x00000938       0x2e ./Drivers/si1147_i2c.o
                0x00000938                Si1147_Read_Register
 .text.Si1147_Write_Register
                0x00000966       0x2a ./Drivers/si1147_i2c.o
                0x00000966                Si1147_Write_Register
 .text.Si1147_Write_Block_Register
                0x00000990       0x3a ./Drivers/si1147_i2c.o
                0x00000990                Si1147_Write_Block_Register
 .text.Si1147_Read_Block_Register
                0x000009ca       0x26 ./Drivers/si1147_i2c.o
                0x000009ca                Si1147_Read_Block_Register
 .text.Si114xWriteToRegister
                0x000009f0       0x14 ./Drivers/si1147_i2c.o
                0x000009f0                Si114xWriteToRegister
 .text.Si114xReadFromRegister
                0x00000a04       0x16 ./Drivers/si1147_i2c.o
                0x00000a04                Si114xReadFromRegister
 .text.Si114xBlockWrite
                0x00000a1a       0x16 ./Drivers/si1147_i2c.o
                0x00000a1a                Si114xBlockWrite
 .text.Si114xBlockRead
                0x00000a30       0x16 ./Drivers/si1147_i2c.o
                0x00000a30                Si114xBlockRead
 .text.delay_10ms
                0x00000a46        0xa ./Drivers/si1147_i2c.o
                0x00000a46                delay_10ms
 .text.delay_1ms
                0x00000a50        0xa ./Drivers/si1147_i2c.o
                0x00000a50                delay_1ms
 *fill*         0x00000a5a        0x2 
 .text.Si1147_SetInterruptOutputEnable
                0x00000a5c       0x1c ./Drivers/si114x_algorithm.o
                0x00000a5c                Si1147_SetInterruptOutputEnable
 .text.Si1147_GetInterruptOutputEnable
                0x00000a78       0x1c ./Drivers/si114x_algorithm.o
                0x00000a78                Si1147_GetInterruptOutputEnable
 .text.Si1147_MeasureUVAndObjectPresent
                0x00000a94       0x90 ./Drivers/si114x_algorithm.o
                0x00000a94                Si1147_MeasureUVAndObjectPresent
 .text.Si1147_NewSample
                0x00000b24      0x210 ./Drivers/si114x_algorithm.o
                0x00000b24                Si1147_NewSample
 .text.Si1147_ConfigureDetection
                0x00000d34       0xec ./Drivers/si114x_algorithm.o
                0x00000d34                Si1147_ConfigureDetection
 .text.Si1147_EstimateDistance
                0x00000e20       0x20 ./Drivers/si114x_algorithm.o
                0x00000e20                Si1147_EstimateDistance
 .text.collect  0x00000e40       0x44 ./Drivers/si114x_functions.o
 .text.shift_left
                0x00000e84       0x12 ./Drivers/si114x_functions.o
 .text.find_cal_index
                0x00000e96       0x30 ./Drivers/si114x_functions.o
 .text._waitUntilSleep
                0x00000ec6       0x2c ./Drivers/si114x_functions.o
 .text._sendCmd
                0x00000ef2       0x98 ./Drivers/si114x_functions.o
 .text.align    0x00000f8a       0x38 ./Drivers/si114x_functions.o
 *fill*         0x00000fc2        0x2 
 .text.fx20_round
                0x00000fc4       0x40 ./Drivers/si114x_functions.o
 .text.fx20_divide
                0x00001004       0x5a ./Drivers/si114x_functions.o
 .text.fx20_multiply
                0x0000105e       0x3e ./Drivers/si114x_functions.o
 .text.Si114xNop
                0x0000109c        0xa ./Drivers/si114x_functions.o
                0x0000109c                Si114xNop
 .text.Si114xPsAlsForce
                0x000010a6        0xa ./Drivers/si114x_functions.o
                0x000010a6                Si114xPsAlsForce
 .text.Si114xPsAlsAuto
                0x000010b0        0xa ./Drivers/si114x_functions.o
                0x000010b0                Si114xPsAlsAuto
 .text.Si114xParamSet
                0x000010ba       0x62 ./Drivers/si114x_functions.o
                0x000010ba                Si114xParamSet
 .text.Si114xPauseAll
                0x0000111c       0x82 ./Drivers/si114x_functions.o
                0x0000111c                Si114xPauseAll
 .text.Si114xReset
                0x0000119e       0x98 ./Drivers/si114x_functions.o
                0x0000119e                Si114xReset
 *fill*         0x00001236        0x2 
 .text.si114x_get_calibration
                0x00001238      0x208 ./Drivers/si114x_functions.o
                0x00001238                si114x_get_calibration
 .text.si114x_set_ucoef
                0x00001440       0x90 ./Drivers/si114x_functions.o
                0x00001440                si114x_set_ucoef
 .text.Si7013_Measure
                0x000014d0       0x44 ./Drivers/si7013.o
 .text.Si7013_MeasureRHAndTemp
                0x00001514       0x5c ./Drivers/si7013.o
                0x00001514                Si7013_MeasureRHAndTemp
 .text.UDELAY_Calibrate
                0x00001570      0x1ac ./Drivers/udelay.o
                0x00001570                UDELAY_Calibrate
 .text.UDELAY_Delay
                0x0000171c       0x28 ./Drivers/udelay.o
                0x0000171c                UDELAY_Delay
 .text.DMD_getDisplayGeometry
                0x00001744       0x1c ./Graphics/dmd_display.o
                0x00001744                DMD_getDisplayGeometry
 .text.DMD_setClippingArea
                0x00001760       0x40 ./Graphics/dmd_display.o
                0x00001760                DMD_setClippingArea
 .text.DMD_writeColor
                0x000017a0      0x15c ./Graphics/dmd_display.o
                0x000017a0                DMD_writeColor
 .text.DMD_allocateFramebuffer
                0x000018fc       0x40 ./Graphics/dmd_display.o
                0x000018fc                DMD_allocateFramebuffer
 .text.DMD_init
                0x0000193c       0x78 ./Graphics/dmd_display.o
                0x0000193c                DMD_init
 .text.DMD_updateDisplay
                0x000019b4       0xa4 ./Graphics/dmd_display.o
                0x000019b4                DMD_updateDisplay
 .text.GLIB_resetDisplayClippingArea
                0x00001a58       0x1a ./Graphics/glib.o
                0x00001a58                GLIB_resetDisplayClippingArea
 .text.GLIB_clear
                0x00001a72       0x34 ./Graphics/glib.o
                0x00001a72                GLIB_clear
 .text.GLIB_applyClippingRegion
                0x00001aa6       0x28 ./Graphics/glib.o
                0x00001aa6                GLIB_applyClippingRegion
 .text.GLIB_setClippingRegion
                0x00001ace       0x48 ./Graphics/glib.o
                0x00001ace                GLIB_setClippingRegion
 *fill*         0x00001b16        0x2 
 .text.GLIB_contextInit
                0x00001b18       0x54 ./Graphics/glib.o
                0x00001b18                GLIB_contextInit
 .text.GLIB_colorTranslate24bpp
                0x00001b6c        0xe ./Graphics/glib.o
                0x00001b6c                GLIB_colorTranslate24bpp
 .text.GLIB_drawPixel
                0x00001b7a       0x38 ./Graphics/glib.o
                0x00001b7a                GLIB_drawPixel
 .text.GLIB_drawPixelColor
                0x00001bb2       0x36 ./Graphics/glib.o
                0x00001bb2                GLIB_drawPixelColor
 .text.GLIB_drawPartialCirclePoints
                0x00001be8       0x70 ./Graphics/glib_circle.o
 .text.GLIB_drawPartialCircle
                0x00001c58       0x76 ./Graphics/glib_circle.o
                0x00001c58                GLIB_drawPartialCircle
 .text.GLIB_drawCircle
                0x00001cce        0xc ./Graphics/glib_circle.o
                0x00001cce                GLIB_drawCircle
 .text.GLIB_getClipCode
                0x00001cda       0x30 ./Graphics/glib_line.o
 .text.GLIB_drawLineH
                0x00001d0a       0x9a ./Graphics/glib_line.o
                0x00001d0a                GLIB_drawLineH
 .text.GLIB_drawLineV
                0x00001da4       0x9a ./Graphics/glib_line.o
                0x00001da4                GLIB_drawLineV
 .text.GLIB_drawLine
                0x00001e3e      0x186 ./Graphics/glib_line.o
                0x00001e3e                GLIB_drawLine
 .text.GLIB_rectContainsPoint
                0x00001fc4       0x2a ./Graphics/glib_rectangle.o
                0x00001fc4                GLIB_rectContainsPoint
 .text.GLIB_drawChar
                0x00001fee      0x120 ./Graphics/glib_string.o
                0x00001fee                GLIB_drawChar
 .text.GLIB_drawString
                0x0000210e       0x86 ./Graphics/glib_string.o
                0x0000210e                GLIB_drawString
 .text.GLIB_setFont
                0x00002194       0x22 ./Graphics/glib_string.o
                0x00002194                GLIB_setFont
 *fill*         0x000021b6        0x2 
 .text.ACMP_CapsenseInit
                0x000021b8       0x48 ./emlib/em_acmp.o
                0x000021b8                ACMP_CapsenseInit
 .text.ACMP_CapsenseChannelSet
                0x00002200        0xc ./emlib/em_acmp.o
                0x00002200                ACMP_CapsenseChannelSet
 .text.ACMP_Disable
                0x0000220c        0xa ./emlib/em_acmp.o
                0x0000220c                ACMP_Disable
 .text.ACMP_Enable
                0x00002216        0xa ./emlib/em_acmp.o
                0x00002216                ACMP_Enable
 .text.auxClkGet
                0x00002220       0x8c ./emlib/em_cmu.o
 .text.flashWaitStateControl.isra.1
                0x000022ac       0x34 ./emlib/em_cmu.o
 .text.flashWaitStateMax
                0x000022e0       0x24 ./emlib/em_cmu.o
 .text.syncReg  0x00002304       0x14 ./emlib/em_cmu.o
 .text.CMU_UpdateWaitStates
                0x00002318       0x20 ./emlib/em_cmu.o
                0x00002318                CMU_UpdateWaitStates
 .text.CMU_ClockDivGet
                0x00002338       0x6c ./emlib/em_cmu.o
                0x00002338                CMU_ClockDivGet
 .text.CMU_ClockDivSet
                0x000023a4       0xd0 ./emlib/em_cmu.o
                0x000023a4                CMU_ClockDivSet
 .text.CMU_ClockEnable
                0x00002474       0x74 ./emlib/em_cmu.o
                0x00002474                CMU_ClockEnable
 .text.CMU_ClockSelectGet
                0x000024e8       0x9c ./emlib/em_cmu.o
                0x000024e8                CMU_ClockSelectGet
 .text.lfClkGet
                0x00002584       0x80 ./emlib/em_cmu.o
 .text.CMU_ClockFreqGet
                0x00002604       0xdc ./emlib/em_cmu.o
                0x00002604                CMU_ClockFreqGet
 .text.CMU_OscillatorEnable
                0x000026e0       0x60 ./emlib/em_cmu.o
                0x000026e0                CMU_OscillatorEnable
 .text.CMU_ClockSelectSet
                0x00002740       0xd4 ./emlib/em_cmu.o
                0x00002740                CMU_ClockSelectSet
 .text.CORE_ExitCritical
                0x00002814        0x8 ./emlib/em_core.o
                0x00002814                CORE_ExitCritical
 .text.CORE_EnterAtomic
                0x0000281c        0x8 ./emlib/em_core.o
                0x0000281c                CORE_EnterAtomic
 .text.CORE_ExitAtomic
                0x00002824        0x8 ./emlib/em_core.o
                0x00002824                CORE_ExitAtomic
 .text.GPIO_ExtIntConfig
                0x0000282c       0x78 ./emlib/em_gpio.o
                0x0000282c                GPIO_ExtIntConfig
 .text.GPIO_PinModeSet
                0x000028a4       0x7c ./emlib/em_gpio.o
                0x000028a4                GPIO_PinModeSet
 .text.I2C_BusFreqSet
                0x00002920       0x6c ./emlib/em_i2c.o
                0x00002920                I2C_BusFreqSet
 .text.I2C_Enable
                0x0000298c        0xc ./emlib/em_i2c.o
                0x0000298c                I2C_Enable
 .text.I2C_Init
                0x00002998       0x38 ./emlib/em_i2c.o
                0x00002998                I2C_Init
 .text.I2C_Transfer
                0x000029d0      0x35c ./emlib/em_i2c.o
                0x000029d0                I2C_Transfer
 .text.I2C_TransferInit
                0x00002d2c       0x70 ./emlib/em_i2c.o
                0x00002d2c                I2C_TransferInit
 .text.RTC_CompareSet
                0x00002d9c       0x1c ./emlib/em_rtc.o
                0x00002d9c                RTC_CompareSet
 .text.RTC_Enable
                0x00002db8       0x14 ./emlib/em_rtc.o
                0x00002db8                RTC_Enable
 .text.RTC_FreezeEnable
                0x00002dcc       0x14 ./emlib/em_rtc.o
                0x00002dcc                RTC_FreezeEnable
 .text.RTC_Init
                0x00002de0       0x20 ./emlib/em_rtc.o
                0x00002de0                RTC_Init
 .text.TIMER_Init
                0x00002e00       0x9c ./emlib/em_timer.o
                0x00002e00                TIMER_Init
 .text.TIMER_InitCC
                0x00002e9c       0x62 ./emlib/em_timer.o
                0x00002e9c                TIMER_InitCC
 *fill*         0x00002efe        0x2 
 .text.USART_BaudrateSyncSet
                0x00002f00       0x24 ./emlib/em_usart.o
                0x00002f00                USART_BaudrateSyncSet
 .text.USART_Reset
                0x00002f24       0x3c ./emlib/em_usart.o
                0x00002f24                USART_Reset
 .text.USART_InitSync
                0x00002f60       0x70 ./emlib/em_usart.o
                0x00002f60                USART_InitSync
 .text.USART_Tx
                0x00002fd0        0xc ./emlib/em_usart.o
                0x00002fd0                USART_Tx
 .text.USART_TxDouble
                0x00002fdc        0xc ./emlib/em_usart.o
                0x00002fdc                USART_TxDouble
 .text.delay_callback
                0x00002fe8        0x6 ./service/sl_sleeptimer.o
 *fill*         0x00002fee        0x2 
 .text.delta_list_insert_timer
                0x00002ff0       0x4c ./service/sl_sleeptimer.o
 .text.update_first_timer_delta
                0x0000303c       0x34 ./service/sl_sleeptimer.o
 .text.set_comparator_for_next_timer
                0x00003070       0x24 ./service/sl_sleeptimer.o
 .text.create_timer
                0x00003094       0x60 ./service/sl_sleeptimer.o
 .text.delta_list_remove_timer
                0x000030f4       0x44 ./service/sl_sleeptimer.o
 .text.sl_sleeptimer_init
                0x00003138       0x6c ./service/sl_sleeptimer.o
                0x00003138                sl_sleeptimer_init
 .text.sl_sleeptimer_is_timer_running
                0x000031a4       0x40 ./service/sl_sleeptimer.o
                0x000031a4                sl_sleeptimer_is_timer_running
 .text.sl_sleeptimer_start_timer
                0x000031e4       0x52 ./service/sl_sleeptimer.o
                0x000031e4                sl_sleeptimer_start_timer
 *fill*         0x00003236        0x2 
 .text.sl_sleeptimer_ms_to_tick
                0x00003238       0x18 ./service/sl_sleeptimer.o
                0x00003238                sl_sleeptimer_ms_to_tick
 .text.sl_sleeptimer_delay_millisecond
                0x00003250       0x34 ./service/sl_sleeptimer.o
                0x00003250                sl_sleeptimer_delay_millisecond
 .text.process_timer_irq
                0x00003284       0xf4 ./service/sl_sleeptimer.o
                0x00003284                process_timer_irq
 .text.sleeptimer_hal_init_timer
                0x00003378       0x50 ./service/sl_sleeptimer_hal_rtc.o
                0x00003378                sleeptimer_hal_init_timer
 .text.sleeptimer_hal_get_counter
                0x000033c8       0x20 ./service/sl_sleeptimer_hal_rtc.o
                0x000033c8                sleeptimer_hal_get_counter
 .text.sleeptimer_hal_enable_int
                0x000033e8       0x30 ./service/sl_sleeptimer_hal_rtc.o
                0x000033e8                sleeptimer_hal_enable_int
 .text.sleeptimer_hal_disable_int
                0x00003418       0x24 ./service/sl_sleeptimer_hal_rtc.o
                0x00003418                sleeptimer_hal_disable_int
 .text.sleeptimer_hal_set_compare
                0x0000343c       0x5c ./service/sl_sleeptimer_hal_rtc.o
                0x0000343c                sleeptimer_hal_set_compare
 .text.sleeptimer_hal_get_timer_frequency
                0x00003498       0x10 ./service/sl_sleeptimer_hal_rtc.o
                0x00003498                sleeptimer_hal_get_timer_frequency
 .text.RTC_IRQHandler
                0x000034a8       0x78 ./service/sl_sleeptimer_hal_rtc.o
                0x000034a8                RTC_IRQHandler
 .text.DisplayIntensity.constprop.5
                0x00003520       0x7c ./src/functions.o
 .text.Delay    0x0000359c       0x14 ./src/functions.o
                0x0000359c                Delay
 .text.setCapsensePressed
                0x000035b0       0x60 ./src/functions.o
                0x000035b0                setCapsensePressed
 .text.DebounceButton
                0x00003610       0x34 ./src/functions.o
                0x00003610                DebounceButton
 .text.DisplayMenu
                0x00003644       0xf4 ./src/functions.o
                0x00003644                DisplayMenu
 .text.ToggleLed
                0x00003738       0x24 ./src/functions.o
                0x00003738                ToggleLed
 .text.FlashingLed
                0x0000375c       0x34 ./src/functions.o
                0x0000375c                FlashingLed
 .text.doublePress
                0x00003790       0x20 ./src/functions.o
                0x00003790                doublePress
 .text.BothButtonsPressed
                0x000037b0       0x38 ./src/functions.o
                0x000037b0                BothButtonsPressed
 .text.SetButtonPressedState
                0x000037e8       0x98 ./src/functions.o
                0x000037e8                SetButtonPressedState
 .text.setReturnToMenuState
                0x00003880       0x54 ./src/functions.o
                0x00003880                setReturnToMenuState
 .text.ButtonOneHandlerP1
                0x000038d4       0x48 ./src/functions.o
                0x000038d4                ButtonOneHandlerP1
 .text.ButtonTwoHandlerP1
                0x0000391c       0x44 ./src/functions.o
                0x0000391c                ButtonTwoHandlerP1
 .text.ButtonOneHandlerMenu
                0x00003960       0x24 ./src/functions.o
                0x00003960                ButtonOneHandlerMenu
 .text.Problem_One
                0x00003984      0x148 ./src/functions.o
                0x00003984                Problem_One
 .text.setupTimer
                0x00003acc       0x7c ./src/functions.o
                0x00003acc                setupTimer
 .text.HandleCpasenseButtonsProblemTwo
                0x00003b48       0x30 ./src/functions.o
                0x00003b48                HandleCpasenseButtonsProblemTwo
 .text.Problem_Two
                0x00003b78       0x58 ./src/functions.o
                0x00003b78                Problem_Two
 .text.HandleDiplayProblemThree
                0x00003bd0      0x234 ./src/functions.o
                0x00003bd0                HandleDiplayProblemThree
 .text.ChekingHisterezis
                0x00003e04       0x3c ./src/functions.o
                0x00003e04                ChekingHisterezis
 .text.PerformMeasurments
                0x00003e40       0x40 ./src/functions.o
                0x00003e40                PerformMeasurments
 .text.HandleCpasenseButtonsProblemThree
                0x00003e80       0x64 ./src/functions.o
                0x00003e80                HandleCpasenseButtonsProblemThree
 .text.HandleProblemThreeTimer
                0x00003ee4       0x28 ./src/functions.o
                0x00003ee4                HandleProblemThreeTimer
 .text.HandleButtonsPromblemThree
                0x00003f0c       0x30 ./src/functions.o
                0x00003f0c                HandleButtonsPromblemThree
 .text.Problem_Three
                0x00003f3c       0x5c ./src/functions.o
                0x00003f3c                Problem_Three
 .text.Check_X_Position_Left
                0x00003f98       0x14 ./src/functions.o
                0x00003f98                Check_X_Position_Left
 .text.Check_X_Position_Right
                0x00003fac       0x24 ./src/functions.o
                0x00003fac                Check_X_Position_Right
 .text.Check_Y_Position_Up
                0x00003fd0       0x14 ./src/functions.o
                0x00003fd0                Check_Y_Position_Up
 .text.Check_Y_Position_Down
                0x00003fe4       0x24 ./src/functions.o
                0x00003fe4                Check_Y_Position_Down
 .text.setCircleDirection
                0x00004008       0xac ./src/functions.o
                0x00004008                setCircleDirection
 .text.UpdatingCirclePosition
                0x000040b4       0xb8 ./src/functions.o
                0x000040b4                UpdatingCirclePosition
 .text.DisplayCircle
                0x0000416c       0x28 ./src/functions.o
                0x0000416c                DisplayCircle
 .text.Problem_Four
                0x00004194       0x44 ./src/functions.o
                0x00004194                Problem_Four
 .text.ButtonTwoHandlerMenu
                0x000041d8       0x3c ./src/functions.o
                0x000041d8                ButtonTwoHandlerMenu
 .text.gpioSetup
                0x00004214       0x3e ./src/init.o
                0x00004214                gpioSetup
 *fill*         0x00004252        0x2 
 .text.SysTick_Handler
                0x00004254       0x10 ./src/menu.o
                0x00004254                SysTick_Handler
 .text.startup.main
                0x00004264       0xec ./src/menu.o
                0x00004264                main
 .text          0x00004350       0x14 d:/simplicity/developer/toolchains/gnu_arm/7.2_2017q4/bin/../lib/gcc/arm-none-eabi/7.2.1/thumb/v6-m\libgcc.a(_thumb1_case_sqi.o)
                0x00004350                __gnu_thumb1_case_sqi
 .text          0x00004364       0x14 d:/simplicity/developer/toolchains/gnu_arm/7.2_2017q4/bin/../lib/gcc/arm-none-eabi/7.2.1/thumb/v6-m\libgcc.a(_thumb1_case_uqi.o)
                0x00004364                __gnu_thumb1_case_uqi
 .text          0x00004378       0x14 d:/simplicity/developer/toolchains/gnu_arm/7.2_2017q4/bin/../lib/gcc/arm-none-eabi/7.2.1/thumb/v6-m\libgcc.a(_thumb1_case_uhi.o)
                0x00004378                __gnu_thumb1_case_uhi
 .text          0x0000438c      0x114 d:/simplicity/developer/toolchains/gnu_arm/7.2_2017q4/bin/../lib/gcc/arm-none-eabi/7.2.1/thumb/v6-m\libgcc.a(_udivsi3.o)
                0x0000438c                __aeabi_uidiv
                0x0000438c                __udivsi3
                0x00004498                __aeabi_uidivmod
 .text          0x000044a0      0x1d4 d:/simplicity/developer/toolchains/gnu_arm/7.2_2017q4/bin/../lib/gcc/arm-none-eabi/7.2.1/thumb/v6-m\libgcc.a(_divsi3.o)
                0x000044a0                __divsi3
                0x000044a0                __aeabi_idiv
                0x0000466c                __aeabi_idivmod
 .text          0x00004674        0x4 d:/simplicity/developer/toolchains/gnu_arm/7.2_2017q4/bin/../lib/gcc/arm-none-eabi/7.2.1/thumb/v6-m\libgcc.a(_dvmd_tls.o)
                0x00004674                __aeabi_idiv0
                0x00004674                __aeabi_ldiv0
 .text          0x00004678       0x3c d:/simplicity/developer/toolchains/gnu_arm/7.2_2017q4/bin/../lib/gcc/arm-none-eabi/7.2.1/thumb/v6-m\libgcc.a(_clzsi2.o)
                0x00004678                __clzsi2
 .text          0x000046b4       0x40 d:/simplicity/developer/toolchains/gnu_arm/7.2_2017q4/bin/../lib/gcc/arm-none-eabi/7.2.1/thumb/v6-m\libgcc.a(_aeabi_uldivmod.o)
                0x000046b4                __aeabi_uldivmod
 .text          0x000046f4      0x184 d:/simplicity/developer/toolchains/gnu_arm/7.2_2017q4/bin/../lib/gcc/arm-none-eabi/7.2.1/thumb/v6-m\libgcc.a(_udivmoddi4.o)
                0x000046f4                __udivmoddi4
 .text          0x00004878       0x18 d:/simplicity/developer/toolchains/gnu_arm/7.2_2017q4/bin/../lib/gcc/arm-none-eabi/7.2.1/thumb/v6-m\libgcc.a(_clzdi2.o)
                0x00004878                __clzdi2
 .text.abs      0x00004890        0x8 d:/simplicity/developer/toolchains/gnu_arm/7.2_2017q4/bin/../lib/gcc/arm-none-eabi/7.2.1/../../../../arm-none-eabi/lib/thumb/v6-m\libc_nano.a(lib_a-abs.o)
                0x00004890                abs
 .text.exit     0x00004898       0x2c d:/simplicity/developer/toolchains/gnu_arm/7.2_2017q4/bin/../lib/gcc/arm-none-eabi/7.2.1/../../../../arm-none-eabi/lib/thumb/v6-m\libc_nano.a(lib_a-exit.o)
                0x00004898                exit
 .text.__libc_init_array
                0x000048c4       0x48 d:/simplicity/developer/toolchains/gnu_arm/7.2_2017q4/bin/../lib/gcc/arm-none-eabi/7.2.1/../../../../arm-none-eabi/lib/thumb/v6-m\libc_nano.a(lib_a-init.o)
                0x000048c4                __libc_init_array
 .text.memcpy   0x0000490c       0x12 d:/simplicity/developer/toolchains/gnu_arm/7.2_2017q4/bin/../lib/gcc/arm-none-eabi/7.2.1/../../../../arm-none-eabi/lib/thumb/v6-m\libc_nano.a(lib_a-memcpy-stub.o)
                0x0000490c                memcpy
 .text.memset   0x0000491e       0x10 d:/simplicity/developer/toolchains/gnu_arm/7.2_2017q4/bin/../lib/gcc/arm-none-eabi/7.2.1/../../../../arm-none-eabi/lib/thumb/v6-m\libc_nano.a(lib_a-memset.o)
                0x0000491e                memset
 *fill*         0x0000492e        0x2 
 .text.snprintf
                0x00004930       0x64 d:/simplicity/developer/toolchains/gnu_arm/7.2_2017q4/bin/../lib/gcc/arm-none-eabi/7.2.1/../../../../arm-none-eabi/lib/thumb/v6-m\libc_nano.a(lib_a-snprintf.o)
                0x00004930                sniprintf
                0x00004930                snprintf
 .text          0x00004994        0xe d:/simplicity/developer/toolchains/gnu_arm/7.2_2017q4/bin/../lib/gcc/arm-none-eabi/7.2.1/../../../../arm-none-eabi/lib/thumb/v6-m\libc_nano.a(lib_a-strlen.o)
                0x00004994                strlen
 *fill*         0x000049a2        0x2 
 .text.__ssputs_r
                0x000049a4       0xc4 d:/simplicity/developer/toolchains/gnu_arm/7.2_2017q4/bin/../lib/gcc/arm-none-eabi/7.2.1/../../../../arm-none-eabi/lib/thumb/v6-m\libc_nano.a(lib_a-nano-svfprintf.o)
                0x000049a4                __ssputs_r
 .text._svfprintf_r
                0x00004a68      0x1fc d:/simplicity/developer/toolchains/gnu_arm/7.2_2017q4/bin/../lib/gcc/arm-none-eabi/7.2.1/../../../../arm-none-eabi/lib/thumb/v6-m\libc_nano.a(lib_a-nano-svfprintf.o)
                0x00004a68                _svfiprintf_r
                0x00004a68                _svfprintf_r
 .text._printf_common
                0x00004c64       0xda d:/simplicity/developer/toolchains/gnu_arm/7.2_2017q4/bin/../lib/gcc/arm-none-eabi/7.2.1/../../../../arm-none-eabi/lib/thumb/v6-m\libc_nano.a(lib_a-nano-vfprintf_i.o)
                0x00004c64                _printf_common
 *fill*         0x00004d3e        0x2 
 .text._printf_i
                0x00004d40      0x210 d:/simplicity/developer/toolchains/gnu_arm/7.2_2017q4/bin/../lib/gcc/arm-none-eabi/7.2.1/../../../../arm-none-eabi/lib/thumb/v6-m\libc_nano.a(lib_a-nano-vfprintf_i.o)
                0x00004d40                _printf_i
 .text.memchr   0x00004f50       0x16 d:/simplicity/developer/toolchains/gnu_arm/7.2_2017q4/bin/../lib/gcc/arm-none-eabi/7.2.1/../../../../arm-none-eabi/lib/thumb/v6-m\libc_nano.a(lib_a-memchr-stub.o)
                0x00004f50                memchr
 .text.memmove  0x00004f66       0x26 d:/simplicity/developer/toolchains/gnu_arm/7.2_2017q4/bin/../lib/gcc/arm-none-eabi/7.2.1/../../../../arm-none-eabi/lib/thumb/v6-m\libc_nano.a(lib_a-memmove.o)
                0x00004f66                memmove
 .text._free_r  0x00004f8c       0x94 d:/simplicity/developer/toolchains/gnu_arm/7.2_2017q4/bin/../lib/gcc/arm-none-eabi/7.2.1/../../../../arm-none-eabi/lib/thumb/v6-m\libc_nano.a(lib_a-nano-freer.o)
                0x00004f8c                _free_r
 .text._malloc_r
                0x00005020       0xbc d:/simplicity/developer/toolchains/gnu_arm/7.2_2017q4/bin/../lib/gcc/arm-none-eabi/7.2.1/../../../../arm-none-eabi/lib/thumb/v6-m\libc_nano.a(lib_a-nano-mallocr.o)
                0x00005020                _malloc_r
 .text._realloc_r
                0x000050dc       0x4c d:/simplicity/developer/toolchains/gnu_arm/7.2_2017q4/bin/../lib/gcc/arm-none-eabi/7.2.1/../../../../arm-none-eabi/lib/thumb/v6-m\libc_nano.a(lib_a-nano-reallocr.o)
                0x000050dc                _realloc_r
 .text._sbrk_r  0x00005128       0x24 d:/simplicity/developer/toolchains/gnu_arm/7.2_2017q4/bin/../lib/gcc/arm-none-eabi/7.2.1/../../../../arm-none-eabi/lib/thumb/v6-m\libc_nano.a(lib_a-sbrkr.o)
                0x00005128                _sbrk_r
 .text.__malloc_lock
                0x0000514c        0x2 d:/simplicity/developer/toolchains/gnu_arm/7.2_2017q4/bin/../lib/gcc/arm-none-eabi/7.2.1/../../../../arm-none-eabi/lib/thumb/v6-m\libc_nano.a(lib_a-mlock.o)
                0x0000514c                __malloc_lock
 .text.__malloc_unlock
                0x0000514e        0x2 d:/simplicity/developer/toolchains/gnu_arm/7.2_2017q4/bin/../lib/gcc/arm-none-eabi/7.2.1/../../../../arm-none-eabi/lib/thumb/v6-m\libc_nano.a(lib_a-mlock.o)
                0x0000514e                __malloc_unlock
 .text._malloc_usable_size_r
                0x00005150       0x10 d:/simplicity/developer/toolchains/gnu_arm/7.2_2017q4/bin/../lib/gcc/arm-none-eabi/7.2.1/../../../../arm-none-eabi/lib/thumb/v6-m\libc_nano.a(lib_a-nano-msizer.o)
                0x00005150                _malloc_usable_size_r
 .text._sbrk    0x00005160       0x1c d:/simplicity/developer/toolchains/gnu_arm/7.2_2017q4/bin/../lib/gcc/arm-none-eabi/7.2.1/../../../../arm-none-eabi/lib/thumb/v6-m\libnosys.a(sbrk.o)
                0x00005160                _sbrk
 .text._exit    0x0000517c        0x4 d:/simplicity/developer/toolchains/gnu_arm/7.2_2017q4/bin/../lib/gcc/arm-none-eabi/7.2.1/../../../../arm-none-eabi/lib/thumb/v6-m\libnosys.a(_exit.o)
                0x0000517c                _exit
 *(.init)
 .init          0x00005180        0x4 d:/simplicity/developer/toolchains/gnu_arm/7.2_2017q4/bin/../lib/gcc/arm-none-eabi/7.2.1/thumb/v6-m/crti.o
                0x00005180                _init
 .init          0x00005184        0x8 d:/simplicity/developer/toolchains/gnu_arm/7.2_2017q4/bin/../lib/gcc/arm-none-eabi/7.2.1/thumb/v6-m/crtn.o
 *(.fini)
 .fini          0x0000518c        0x4 d:/simplicity/developer/toolchains/gnu_arm/7.2_2017q4/bin/../lib/gcc/arm-none-eabi/7.2.1/thumb/v6-m/crti.o
                0x0000518c                _fini
 .fini          0x00005190        0x8 d:/simplicity/developer/toolchains/gnu_arm/7.2_2017q4/bin/../lib/gcc/arm-none-eabi/7.2.1/thumb/v6-m/crtn.o
 *crtbegin.o(.ctors)
 *crtbegin?.o(.ctors)
 *(EXCLUDE_FILE(*crtend.o *crtend?.o) .ctors)
 *(SORT_BY_NAME(.ctors.*))
 *(.ctors)
 *crtbegin.o(.dtors)
 *crtbegin?.o(.dtors)
 *(EXCLUDE_FILE(*crtend.o *crtend?.o) .dtors)
 *(SORT_BY_NAME(.dtors.*))
 *(.dtors)
 *(.rodata*)
 .rodata.ledArray
                0x00005198       0x10 ./BSP/bsp_stk_leds.o
 .rodata        0x000051a8       0x14 ./Drivers/capsense.o
 .rodata.channelsInUse
                0x000051bc        0x8 ./Drivers/capsense.o
 .rodata.DISPLAY_Ls013b7dh03Init.str1.1
                0x000051c4       0x15 ./Drivers/displayls013b7dh03.o
 *fill*         0x000051d9        0x3 
 .rodata        0x000051dc       0x18 ./Drivers/displaypalemlib.o
 .rodata        0x000051f4        0x3 ./Drivers/udelay.o
 *fill*         0x000051f7        0x1 
 .rodata.GLIB_FontNarrow6x8
                0x000051f8       0x10 ./Graphics/glib_font_narrow_6x8.o
                0x000051f8                GLIB_FontNarrow6x8
 .rodata.GLIB_FontNarrow6x8PixMap
                0x00005208      0x320 ./Graphics/glib_font_narrow_6x8.o
 .rodata.GLIB_FontNormal8x8
                0x00005528       0x10 ./Graphics/glib_font_normal_8x8.o
                0x00005528                GLIB_FontNormal8x8
 .rodata.GLIB_FontNormal8x8PixMap
                0x00005538      0x320 ./Graphics/glib_font_normal_8x8.o
 .rodata.i2cNSum
                0x00005858        0x4 ./emlib/em_i2c.o
 .rodata.DisplayIntensity.constprop.5.str1.1
                0x0000585c       0x15 ./src/functions.o
                                  0x5 (size before relaxing)
 .rodata.DisplayMenu.str1.1
                0x0000585c       0x5c ./src/functions.o
 .rodata.HandleDiplayProblemThree.str1.1
                0x000058b8       0x68 ./src/functions.o
 .rodata.Problem_One.str1.1
                0x00005920       0x74 ./src/functions.o
                                 0x7e (size before relaxing)
 .rodata        0x00005994       0x18 ./src/menu.o
 .rodata._global_impure_ptr
                0x000059ac        0x4 d:/simplicity/developer/toolchains/gnu_arm/7.2_2017q4/bin/../lib/gcc/arm-none-eabi/7.2.1/../../../../arm-none-eabi/lib/thumb/v6-m\libc_nano.a(lib_a-impure.o)
                0x000059ac                _global_impure_ptr
 .rodata._svfprintf_r.str1.1
                0x000059b0       0x11 d:/simplicity/developer/toolchains/gnu_arm/7.2_2017q4/bin/../lib/gcc/arm-none-eabi/7.2.1/../../../../arm-none-eabi/lib/thumb/v6-m\libc_nano.a(lib_a-nano-svfprintf.o)
 .rodata._printf_i.str1.1
                0x000059c1       0x22 d:/simplicity/developer/toolchains/gnu_arm/7.2_2017q4/bin/../lib/gcc/arm-none-eabi/7.2.1/../../../../arm-none-eabi/lib/thumb/v6-m\libc_nano.a(lib_a-nano-vfprintf_i.o)
 *(.eh_frame*)
 *fill*         0x000059e3        0x1 
 .eh_frame      0x000059e4        0x0 d:/simplicity/developer/toolchains/gnu_arm/7.2_2017q4/bin/../lib/gcc/arm-none-eabi/7.2.1/thumb/v6-m/crtbegin.o
 .eh_frame      0x000059e4        0x4 d:/simplicity/developer/toolchains/gnu_arm/7.2_2017q4/bin/../lib/gcc/arm-none-eabi/7.2.1/thumb/v6-m/crtend.o

.glue_7         0x000059e8        0x0
 .glue_7        0x000059e8        0x0 linker stubs

.glue_7t        0x000059e8        0x0
 .glue_7t       0x000059e8        0x0 linker stubs

.vfp11_veneer   0x000059e8        0x0
 .vfp11_veneer  0x000059e8        0x0 linker stubs

.v4_bx          0x000059e8        0x0
 .v4_bx         0x000059e8        0x0 linker stubs

.iplt           0x000059e8        0x0
 .iplt          0x000059e8        0x0 d:/simplicity/developer/toolchains/gnu_arm/7.2_2017q4/bin/../lib/gcc/arm-none-eabi/7.2.1/thumb/v6-m/crtbegin.o

.ARM.extab
 *(.ARM.extab* .gnu.linkonce.armextab.*)
                0x000059e8                __exidx_start = .

.ARM.exidx      0x000059e8        0x8
 *(.ARM.exidx* .gnu.linkonce.armexidx.*)
 .ARM.exidx     0x000059e8        0x8 d:/simplicity/developer/toolchains/gnu_arm/7.2_2017q4/bin/../lib/gcc/arm-none-eabi/7.2.1/../../../../arm-none-eabi/lib/thumb/v6-m/crt0.o
 .ARM.exidx     0x000059f0        0x0 d:/simplicity/developer/toolchains/gnu_arm/7.2_2017q4/bin/../lib/gcc/arm-none-eabi/7.2.1/thumb/v6-m\libgcc.a(_udivmoddi4.o)
                                  0x8 (size before relaxing)
                0x000059f0                __exidx_end = .
                0x000059f0                __etext = .

.rel.dyn        0x000059f0        0x0
 .rel.iplt      0x000059f0        0x0 d:/simplicity/developer/toolchains/gnu_arm/7.2_2017q4/bin/../lib/gcc/arm-none-eabi/7.2.1/thumb/v6-m/crtbegin.o

.data           0x20000000       0xfc load address 0x000059f0
                0x20000000                __data_start__ = .
 *(vtable)
 *(.data*)
 .data.SystemCoreClock
                0x20000000        0x4 ./CMSIS/EFM32ZG/system_efm32zg.o
                0x20000000                SystemCoreClock
 .data.SystemHFXOClock
                0x20000004        0x4 ./CMSIS/EFM32ZG/system_efm32zg.o
 .data.SystemLFXOClock
                0x20000008        0x4 ./CMSIS/EFM32ZG/system_efm32zg.o
 .data.pDisplayDeviceDriverInitFunctions
                0x2000000c        0x8 ./Drivers/display.o
 .data.pixelMatrixPool
                0x20000014        0x4 ./Drivers/displayls013b7dh03.o
 .data.calref   0x20000018       0x40 ./Drivers/si114x_functions.o
                0x20000018                calref
 .data.loops_per_jiffy
                0x20000058        0x4 ./Drivers/udelay.o
                0x20000058                loops_per_jiffy
 .data.comp_int_disabled
                0x2000005c        0x1 ./service/sl_sleeptimer_hal_rtc.o
 .data.CapsenseButtons
                0x2000005d        0x4 ./src/init.o
                0x2000005d                CapsenseButtons
 *fill*         0x20000061        0x3 
 .data.buttons  0x20000064       0x20 ./src/init.o
                0x20000064                buttons
 .data.leds     0x20000084        0xc ./src/init.o
                0x20000084                leds
 .data._impure_ptr
                0x20000090        0x4 d:/simplicity/developer/toolchains/gnu_arm/7.2_2017q4/bin/../lib/gcc/arm-none-eabi/7.2.1/../../../../arm-none-eabi/lib/thumb/v6-m\libc_nano.a(lib_a-impure.o)
                0x20000090                _impure_ptr
 .data.impure_data
                0x20000094       0x60 d:/simplicity/developer/toolchains/gnu_arm/7.2_2017q4/bin/../lib/gcc/arm-none-eabi/7.2.1/../../../../arm-none-eabi/lib/thumb/v6-m\libc_nano.a(lib_a-impure.o)
                0x200000f4                . = ALIGN (0x4)
                [!provide]                PROVIDE (__ram_func_section_start, .)
 *(.ram)
                [!provide]                PROVIDE (__ram_func_section_end, .)
                0x200000f4                . = ALIGN (0x4)
                0x200000f4                PROVIDE (__preinit_array_start, .)
 *(.preinit_array)
                0x200000f4                PROVIDE (__preinit_array_end, .)
                0x200000f4                . = ALIGN (0x4)
                0x200000f4                PROVIDE (__init_array_start, .)
 *(SORT_BY_NAME(.init_array.*))
 *(.init_array)
 .init_array    0x200000f4        0x4 d:/simplicity/developer/toolchains/gnu_arm/7.2_2017q4/bin/../lib/gcc/arm-none-eabi/7.2.1/thumb/v6-m/crtbegin.o
                0x200000f8                PROVIDE (__init_array_end, .)
                0x200000f8                . = ALIGN (0x4)
                [!provide]                PROVIDE (__fini_array_start, .)
 *(SORT_BY_NAME(.fini_array.*))
 *(.fini_array)
 .fini_array    0x200000f8        0x4 d:/simplicity/developer/toolchains/gnu_arm/7.2_2017q4/bin/../lib/gcc/arm-none-eabi/7.2.1/thumb/v6-m/crtbegin.o
                [!provide]                PROVIDE (__fini_array_end, .)
 *(.jcr*)
                0x200000fc                . = ALIGN (0x4)
                0x200000fc                __data_end__ = .

.igot.plt       0x200000fc        0x0 load address 0x00005aec
 .igot.plt      0x200000fc        0x0 d:/simplicity/developer/toolchains/gnu_arm/7.2_2017q4/bin/../lib/gcc/arm-none-eabi/7.2.1/thumb/v6-m/crtbegin.o

.bss            0x200000fc      0x9c0 load address 0x00005aec
                0x200000fc                . = ALIGN (0x4)
                0x200000fc                __bss_start__ = .
 *(.bss*)
 .bss           0x200000fc       0x1c d:/simplicity/developer/toolchains/gnu_arm/7.2_2017q4/bin/../lib/gcc/arm-none-eabi/7.2.1/thumb/v6-m/crtbegin.o
 .bss.channelMaxValues
                0x20000118       0x20 ./Drivers/capsense.o
 .bss.channelValues
                0x20000138       0x20 ./Drivers/capsense.o
 .bss.currentChannel
                0x20000158        0x1 ./Drivers/capsense.o
 .bss.measurementComplete
                0x20000159        0x1 ./Drivers/capsense.o
 *fill*         0x2000015a        0x2 
 .bss.deviceTable
                0x2000015c       0x2c ./Drivers/display.o
 .bss.devicesRegistered
                0x20000188        0x4 ./Drivers/display.o
 .bss.moduleInitialized
                0x2000018c        0x1 ./Drivers/display.o
 .bss.pixelMatrixPoolBase
                0x2000018d      0x800 ./Drivers/displayls013b7dh03.o
 *fill*         0x2000098d        0x3 
 .bss.ps_entry_time.7514
                0x20000990        0xc ./Drivers/si114x_algorithm.o
 .bss.ps_exit_time.7515
                0x2000099c        0xc ./Drivers/si114x_algorithm.o
 .bss.ps_state.7516
                0x200009a8        0x3 ./Drivers/si114x_algorithm.o
 *fill*         0x200009ab        0x1 
 .bss.si114x_i2c
                0x200009ac        0x8 ./Drivers/si114x_algorithm.o
 .bss.dimensions
                0x200009b4        0xc ./Graphics/dmd_display.o
 .bss.displayDevice
                0x200009c0       0x2c ./Graphics/dmd_display.o
 .bss.moduleInitialized
                0x200009ec        0x1 ./Graphics/dmd_display.o
 *fill*         0x200009ed        0x3 
 .bss.pixelMatrixBuffer
                0x200009f0        0x4 ./Graphics/dmd_display.o
 .bss.i2cTransfer
                0x200009f4        0xc ./emlib/em_i2c.o
 .bss.is_sleeptimer_initialized
                0x20000a00        0x1 ./service/sl_sleeptimer.o
 *fill*         0x20000a01        0x3 
 .bss.last_delta_update_count
                0x20000a04        0x4 ./service/sl_sleeptimer.o
 .bss.max_millisecond_conversion
                0x20000a08        0x4 ./service/sl_sleeptimer.o
 .bss.overflow_counter
                0x20000a0c        0x2 ./service/sl_sleeptimer.o
 *fill*         0x20000a0e        0x2 
 .bss.timer_frequency
                0x20000a10        0x4 ./service/sl_sleeptimer.o
 .bss.timer_head
                0x20000a14        0x4 ./service/sl_sleeptimer.o
 .bss.compare_value_32
                0x20000a18        0x4 ./service/sl_sleeptimer_hal_rtc.o
 .bss.rtc_overflow_count
                0x20000a1c        0x1 ./service/sl_sleeptimer_hal_rtc.o
 *fill*         0x20000a1d        0x1 
 .bss.Circle    0x20000a1e        0x8 ./src/init.o
                0x20000a1e                Circle
 *fill*         0x20000a26        0x2 
 .bss.Measurments
                0x20000a28       0x10 ./src/init.o
                0x20000a28                Measurments
 .bss.MeasurmentsTimer
                0x20000a38        0x2 ./src/init.o
                0x20000a38                MeasurmentsTimer
 .bss.currentProblem
                0x20000a3a        0x1 ./src/init.o
                0x20000a3a                currentProblem
 *fill*         0x20000a3b        0x1 
 .bss.__malloc_free_list
                0x20000a3c        0x4 d:/simplicity/developer/toolchains/gnu_arm/7.2_2017q4/bin/../lib/gcc/arm-none-eabi/7.2.1/../../../../arm-none-eabi/lib/thumb/v6-m\libc_nano.a(lib_a-nano-mallocr.o)
                0x20000a3c                __malloc_free_list
 .bss.__malloc_sbrk_start
                0x20000a40        0x4 d:/simplicity/developer/toolchains/gnu_arm/7.2_2017q4/bin/../lib/gcc/arm-none-eabi/7.2.1/../../../../arm-none-eabi/lib/thumb/v6-m\libc_nano.a(lib_a-nano-mallocr.o)
                0x20000a40                __malloc_sbrk_start
 .bss.heap_end.4102
                0x20000a44        0x4 d:/simplicity/developer/toolchains/gnu_arm/7.2_2017q4/bin/../lib/gcc/arm-none-eabi/7.2.1/../../../../arm-none-eabi/lib/thumb/v6-m\libnosys.a(sbrk.o)
 *(COMMON)
 COMMON         0x20000a48       0x10 ./Graphics/dmd_display.o
                0x20000a48                dirtyRows
 COMMON         0x20000a58       0x60 ./src/menu.o
                0x20000a58                glibContext
                0x20000a84                msTicks
                0x20000a88                str
 COMMON         0x20000ab8        0x4 d:/simplicity/developer/toolchains/gnu_arm/7.2_2017q4/bin/../lib/gcc/arm-none-eabi/7.2.1/../../../../arm-none-eabi/lib/thumb/v6-m\libc_nano.a(lib_a-reent.o)
                0x20000ab8                errno
                0x20000abc                . = ALIGN (0x4)
                0x20000abc                __bss_end__ = .

.heap           0x20000ac0        0x0
                0x20000ac0                __HeapBase = .
                0x20000ac0                __end__ = .
                0x20000ac0                end = __end__
                0x20000ac0                _end = __end__
 *(.heap*)
 .heap          0x20000ac0        0x0 ./CMSIS/EFM32ZG/startup_efm32zg.o
                0x20000ac0                __HeapLimit = .

.stack_dummy    0x20000ac0      0x400
 *(.stack*)
 .stack         0x20000ac0      0x400 ./CMSIS/EFM32ZG/startup_efm32zg.o
                0x20001000                __StackTop = (ORIGIN (RAM) + LENGTH (RAM))
                0x20000c00                __StackLimit = (__StackTop - SIZEOF (.stack_dummy))
                0x20001000                PROVIDE (__stack, __StackTop)
                0x00000001                ASSERT ((__StackLimit >= __HeapLimit), region RAM overflowed with stack)
                0x00000001                ASSERT ((LENGTH (FLASH) >= (__etext + SIZEOF (.data))), FLASH memory overflowed !)
OUTPUT(STK3200_weatherstation_7.axf elf32-littlearm)

.ARM.attributes
                0x00000000       0x28
 .ARM.attributes
                0x00000000       0x1e d:/simplicity/developer/toolchains/gnu_arm/7.2_2017q4/bin/../lib/gcc/arm-none-eabi/7.2.1/thumb/v6-m/crti.o
 .ARM.attributes
                0x0000001e       0x2c d:/simplicity/developer/toolchains/gnu_arm/7.2_2017q4/bin/../lib/gcc/arm-none-eabi/7.2.1/thumb/v6-m/crtbegin.o
 .ARM.attributes
                0x0000004a       0x1b d:/simplicity/developer/toolchains/gnu_arm/7.2_2017q4/bin/../lib/gcc/arm-none-eabi/7.2.1/../../../../arm-none-eabi/lib/thumb/v6-m/crt0.o
 .ARM.attributes
                0x00000065       0x32 ./BSP/bsp_stk_leds.o
 .ARM.attributes
                0x00000097       0x1b ./CMSIS/EFM32ZG/startup_efm32zg.o
 .ARM.attributes
                0x000000b2       0x32 ./CMSIS/EFM32ZG/system_efm32zg.o
 .ARM.attributes
                0x000000e4       0x32 ./Drivers/capsense.o
 .ARM.attributes
                0x00000116       0x32 ./Drivers/display.o
 .ARM.attributes
                0x00000148       0x32 ./Drivers/displayls013b7dh03.o
 .ARM.attributes
                0x0000017a       0x32 ./Drivers/displaypalemlib.o
 .ARM.attributes
                0x000001ac       0x32 ./Drivers/i2cspm.o
 .ARM.attributes
                0x000001de       0x32 ./Drivers/si1147_i2c.o
 .ARM.attributes
                0x00000210       0x32 ./Drivers/si114x_algorithm.o
 .ARM.attributes
                0x00000242       0x32 ./Drivers/si114x_functions.o
 .ARM.attributes
                0x00000274       0x32 ./Drivers/si7013.o
 .ARM.attributes
                0x000002a6       0x2b ./Drivers/udelay.o
 .ARM.attributes
                0x000002d1       0x32 ./Graphics/dmd_display.o
 .ARM.attributes
                0x00000303       0x32 ./Graphics/glib.o
 .ARM.attributes
                0x00000335       0x32 ./Graphics/glib_circle.o
 .ARM.attributes
                0x00000367       0x32 ./Graphics/glib_font_narrow_6x8.o
 .ARM.attributes
                0x00000399       0x32 ./Graphics/glib_font_normal_8x8.o
 .ARM.attributes
                0x000003cb       0x32 ./Graphics/glib_line.o
 .ARM.attributes
                0x000003fd       0x32 ./Graphics/glib_rectangle.o
 .ARM.attributes
                0x0000042f       0x32 ./Graphics/glib_string.o
 .ARM.attributes
                0x00000461       0x32 ./emlib/em_acmp.o
 .ARM.attributes
                0x00000493       0x32 ./emlib/em_cmu.o
 .ARM.attributes
                0x000004c5       0x32 ./emlib/em_core.o
 .ARM.attributes
                0x000004f7       0x32 ./emlib/em_gpio.o
 .ARM.attributes
                0x00000529       0x32 ./emlib/em_i2c.o
 .ARM.attributes
                0x0000055b       0x32 ./emlib/em_rtc.o
 .ARM.attributes
                0x0000058d       0x32 ./emlib/em_timer.o
 .ARM.attributes
                0x000005bf       0x32 ./emlib/em_usart.o
 .ARM.attributes
                0x000005f1       0x32 ./service/sl_sleeptimer.o
 .ARM.attributes
                0x00000623       0x32 ./service/sl_sleeptimer_hal_rtc.o
 .ARM.attributes
                0x00000655       0x32 ./src/functions.o
 .ARM.attributes
                0x00000687       0x32 ./src/init.o
 .ARM.attributes
                0x000006b9       0x32 ./src/menu.o
 .ARM.attributes
                0x000006eb       0x1e d:/simplicity/developer/toolchains/gnu_arm/7.2_2017q4/bin/../lib/gcc/arm-none-eabi/7.2.1/thumb/v6-m\libgcc.a(_thumb1_case_sqi.o)
 .ARM.attributes
                0x00000709       0x1e d:/simplicity/developer/toolchains/gnu_arm/7.2_2017q4/bin/../lib/gcc/arm-none-eabi/7.2.1/thumb/v6-m\libgcc.a(_thumb1_case_uqi.o)
 .ARM.attributes
                0x00000727       0x1e d:/simplicity/developer/toolchains/gnu_arm/7.2_2017q4/bin/../lib/gcc/arm-none-eabi/7.2.1/thumb/v6-m\libgcc.a(_thumb1_case_uhi.o)
 .ARM.attributes
                0x00000745       0x1e d:/simplicity/developer/toolchains/gnu_arm/7.2_2017q4/bin/../lib/gcc/arm-none-eabi/7.2.1/thumb/v6-m\libgcc.a(_udivsi3.o)
 .ARM.attributes
                0x00000763       0x1e d:/simplicity/developer/toolchains/gnu_arm/7.2_2017q4/bin/../lib/gcc/arm-none-eabi/7.2.1/thumb/v6-m\libgcc.a(_divsi3.o)
 .ARM.attributes
                0x00000781       0x1e d:/simplicity/developer/toolchains/gnu_arm/7.2_2017q4/bin/../lib/gcc/arm-none-eabi/7.2.1/thumb/v6-m\libgcc.a(_dvmd_tls.o)
 .ARM.attributes
                0x0000079f       0x1e d:/simplicity/developer/toolchains/gnu_arm/7.2_2017q4/bin/../lib/gcc/arm-none-eabi/7.2.1/thumb/v6-m\libgcc.a(_clzsi2.o)
 .ARM.attributes
                0x000007bd       0x1e d:/simplicity/developer/toolchains/gnu_arm/7.2_2017q4/bin/../lib/gcc/arm-none-eabi/7.2.1/thumb/v6-m\libgcc.a(_aeabi_uldivmod.o)
 .ARM.attributes
                0x000007db       0x2c d:/simplicity/developer/toolchains/gnu_arm/7.2_2017q4/bin/../lib/gcc/arm-none-eabi/7.2.1/thumb/v6-m\libgcc.a(_udivmoddi4.o)
 .ARM.attributes
                0x00000807       0x1e d:/simplicity/developer/toolchains/gnu_arm/7.2_2017q4/bin/../lib/gcc/arm-none-eabi/7.2.1/thumb/v6-m\libgcc.a(_clzdi2.o)
 .ARM.attributes
                0x00000825       0x2c d:/simplicity/developer/toolchains/gnu_arm/7.2_2017q4/bin/../lib/gcc/arm-none-eabi/7.2.1/../../../../arm-none-eabi/lib/thumb/v6-m\libc_nano.a(lib_a-abs.o)
 .ARM.attributes
                0x00000851       0x2c d:/simplicity/developer/toolchains/gnu_arm/7.2_2017q4/bin/../lib/gcc/arm-none-eabi/7.2.1/../../../../arm-none-eabi/lib/thumb/v6-m\libc_nano.a(lib_a-exit.o)
 .ARM.attributes
                0x0000087d       0x2c d:/simplicity/developer/toolchains/gnu_arm/7.2_2017q4/bin/../lib/gcc/arm-none-eabi/7.2.1/../../../../arm-none-eabi/lib/thumb/v6-m\libc_nano.a(lib_a-impure.o)
 .ARM.attributes
                0x000008a9       0x2c d:/simplicity/developer/toolchains/gnu_arm/7.2_2017q4/bin/../lib/gcc/arm-none-eabi/7.2.1/../../../../arm-none-eabi/lib/thumb/v6-m\libc_nano.a(lib_a-init.o)
 .ARM.attributes
                0x000008d5       0x2c d:/simplicity/developer/toolchains/gnu_arm/7.2_2017q4/bin/../lib/gcc/arm-none-eabi/7.2.1/../../../../arm-none-eabi/lib/thumb/v6-m\libc_nano.a(lib_a-memcpy-stub.o)
 .ARM.attributes
                0x00000901       0x2c d:/simplicity/developer/toolchains/gnu_arm/7.2_2017q4/bin/../lib/gcc/arm-none-eabi/7.2.1/../../../../arm-none-eabi/lib/thumb/v6-m\libc_nano.a(lib_a-memset.o)
 .ARM.attributes
                0x0000092d       0x2c d:/simplicity/developer/toolchains/gnu_arm/7.2_2017q4/bin/../lib/gcc/arm-none-eabi/7.2.1/../../../../arm-none-eabi/lib/thumb/v6-m\libc_nano.a(lib_a-snprintf.o)
 .ARM.attributes
                0x00000959       0x1c d:/simplicity/developer/toolchains/gnu_arm/7.2_2017q4/bin/../lib/gcc/arm-none-eabi/7.2.1/../../../../arm-none-eabi/lib/thumb/v6-m\libc_nano.a(lib_a-strlen.o)
 .ARM.attributes
                0x00000975       0x2c d:/simplicity/developer/toolchains/gnu_arm/7.2_2017q4/bin/../lib/gcc/arm-none-eabi/7.2.1/../../../../arm-none-eabi/lib/thumb/v6-m\libc_nano.a(lib_a-nano-svfprintf.o)
 .ARM.attributes
                0x000009a1       0x2c d:/simplicity/developer/toolchains/gnu_arm/7.2_2017q4/bin/../lib/gcc/arm-none-eabi/7.2.1/../../../../arm-none-eabi/lib/thumb/v6-m\libc_nano.a(lib_a-nano-vfprintf_i.o)
 .ARM.attributes
                0x000009cd       0x2c d:/simplicity/developer/toolchains/gnu_arm/7.2_2017q4/bin/../lib/gcc/arm-none-eabi/7.2.1/../../../../arm-none-eabi/lib/thumb/v6-m\libc_nano.a(lib_a-memchr-stub.o)
 .ARM.attributes
                0x000009f9       0x2c d:/simplicity/developer/toolchains/gnu_arm/7.2_2017q4/bin/../lib/gcc/arm-none-eabi/7.2.1/../../../../arm-none-eabi/lib/thumb/v6-m\libc_nano.a(lib_a-memmove.o)
 .ARM.attributes
                0x00000a25       0x2c d:/simplicity/developer/toolchains/gnu_arm/7.2_2017q4/bin/../lib/gcc/arm-none-eabi/7.2.1/../../../../arm-none-eabi/lib/thumb/v6-m\libc_nano.a(lib_a-nano-freer.o)
 .ARM.attributes
                0x00000a51       0x2c d:/simplicity/developer/toolchains/gnu_arm/7.2_2017q4/bin/../lib/gcc/arm-none-eabi/7.2.1/../../../../arm-none-eabi/lib/thumb/v6-m\libc_nano.a(lib_a-nano-mallocr.o)
 .ARM.attributes
                0x00000a7d       0x2c d:/simplicity/developer/toolchains/gnu_arm/7.2_2017q4/bin/../lib/gcc/arm-none-eabi/7.2.1/../../../../arm-none-eabi/lib/thumb/v6-m\libc_nano.a(lib_a-nano-reallocr.o)
 .ARM.attributes
                0x00000aa9       0x2c d:/simplicity/developer/toolchains/gnu_arm/7.2_2017q4/bin/../lib/gcc/arm-none-eabi/7.2.1/../../../../arm-none-eabi/lib/thumb/v6-m\libc_nano.a(lib_a-sbrkr.o)
 .ARM.attributes
                0x00000ad5       0x2c d:/simplicity/developer/toolchains/gnu_arm/7.2_2017q4/bin/../lib/gcc/arm-none-eabi/7.2.1/../../../../arm-none-eabi/lib/thumb/v6-m\libc_nano.a(lib_a-mlock.o)
 .ARM.attributes
                0x00000b01       0x2c d:/simplicity/developer/toolchains/gnu_arm/7.2_2017q4/bin/../lib/gcc/arm-none-eabi/7.2.1/../../../../arm-none-eabi/lib/thumb/v6-m\libc_nano.a(lib_a-nano-msizer.o)
 .ARM.attributes
                0x00000b2d       0x2c d:/simplicity/developer/toolchains/gnu_arm/7.2_2017q4/bin/../lib/gcc/arm-none-eabi/7.2.1/../../../../arm-none-eabi/lib/thumb/v6-m\libc_nano.a(lib_a-reent.o)
 .ARM.attributes
                0x00000b59       0x2c d:/simplicity/developer/toolchains/gnu_arm/7.2_2017q4/bin/../lib/gcc/arm-none-eabi/7.2.1/../../../../arm-none-eabi/lib/thumb/v6-m\libnosys.a(sbrk.o)
 .ARM.attributes
                0x00000b85       0x2c d:/simplicity/developer/toolchains/gnu_arm/7.2_2017q4/bin/../lib/gcc/arm-none-eabi/7.2.1/../../../../arm-none-eabi/lib/thumb/v6-m\libnosys.a(_exit.o)
 .ARM.attributes
                0x00000bb1       0x2c d:/simplicity/developer/toolchains/gnu_arm/7.2_2017q4/bin/../lib/gcc/arm-none-eabi/7.2.1/thumb/v6-m/crtend.o
 .ARM.attributes
                0x00000bdd       0x1e d:/simplicity/developer/toolchains/gnu_arm/7.2_2017q4/bin/../lib/gcc/arm-none-eabi/7.2.1/thumb/v6-m/crtn.o

.comment        0x00000000       0x7e
 .comment       0x00000000       0x7e ./BSP/bsp_stk_leds.o
                                 0x7f (size before relaxing)
 .comment       0x0000007e       0x7f ./CMSIS/EFM32ZG/system_efm32zg.o
 .comment       0x0000007e       0x7f ./Drivers/capsense.o
 .comment       0x0000007e       0x7f ./Drivers/display.o
 .comment       0x0000007e       0x7f ./Drivers/displayls013b7dh03.o
 .comment       0x0000007e       0x7f ./Drivers/displaypalemlib.o
 .comment       0x0000007e       0x7f ./Drivers/i2cspm.o
 .comment       0x0000007e       0x7f ./Drivers/si1147_i2c.o
 .comment       0x0000007e       0x7f ./Drivers/si114x_algorithm.o
 .comment       0x0000007e       0x7f ./Drivers/si114x_functions.o
 .comment       0x0000007e       0x7f ./Drivers/si7013.o
 .comment       0x0000007e       0x7f ./Drivers/udelay.o
 .comment       0x0000007e       0x7f ./Graphics/dmd_display.o
 .comment       0x0000007e       0x7f ./Graphics/glib.o
 .comment       0x0000007e       0x7f ./Graphics/glib_circle.o
 .comment       0x0000007e       0x7f ./Graphics/glib_font_narrow_6x8.o
 .comment       0x0000007e       0x7f ./Graphics/glib_font_normal_8x8.o
 .comment       0x0000007e       0x7f ./Graphics/glib_line.o
 .comment       0x0000007e       0x7f ./Graphics/glib_rectangle.o
 .comment       0x0000007e       0x7f ./Graphics/glib_string.o
 .comment       0x0000007e       0x7f ./emlib/em_acmp.o
 .comment       0x0000007e       0x7f ./emlib/em_cmu.o
 .comment       0x0000007e       0x7f ./emlib/em_core.o
 .comment       0x0000007e       0x7f ./emlib/em_gpio.o
 .comment       0x0000007e       0x7f ./emlib/em_i2c.o
 .comment       0x0000007e       0x7f ./emlib/em_rtc.o
 .comment       0x0000007e       0x7f ./emlib/em_timer.o
 .comment       0x0000007e       0x7f ./emlib/em_usart.o
 .comment       0x0000007e       0x7f ./service/sl_sleeptimer.o
 .comment       0x0000007e       0x7f ./service/sl_sleeptimer_hal_rtc.o
 .comment       0x0000007e       0x7f ./src/functions.o
 .comment       0x0000007e       0x7f ./src/init.o
 .comment       0x0000007e       0x7f ./src/menu.o

.debug_info     0x00000000    0x2973e
 .debug_info    0x00000000     0x11e5 ./BSP/bsp_stk_leds.o
 .debug_info    0x000011e5       0x26 ./CMSIS/EFM32ZG/startup_efm32zg.o
 .debug_info    0x0000120b      0xe5a ./CMSIS/EFM32ZG/system_efm32zg.o
 .debug_info    0x00002065     0x16f0 ./Drivers/capsense.o
 .debug_info    0x00003755      0xd86 ./Drivers/display.o
 .debug_info    0x000044db     0x13b4 ./Drivers/displayls013b7dh03.o
 .debug_info    0x0000588f     0x1651 ./Drivers/displaypalemlib.o
 .debug_info    0x00006ee0     0x128f ./Drivers/i2cspm.o
 .debug_info    0x0000816f     0x1127 ./Drivers/si1147_i2c.o
 .debug_info    0x00009296     0x150e ./Drivers/si114x_algorithm.o
 .debug_info    0x0000a7a4     0x1777 ./Drivers/si114x_functions.o
 .debug_info    0x0000bf1b     0x12ad ./Drivers/si7013.o
 .debug_info    0x0000d1c8     0x15dc ./Drivers/udelay.o
 .debug_info    0x0000e7a4     0x14ba ./Graphics/dmd_display.o
 .debug_info    0x0000fc5e     0x14c9 ./Graphics/glib.o
 .debug_info    0x00011127     0x1018 ./Graphics/glib_circle.o
 .debug_info    0x0001213f      0xac3 ./Graphics/glib_font_narrow_6x8.o
 .debug_info    0x00012c02      0xac3 ./Graphics/glib_font_normal_8x8.o
 .debug_info    0x000136c5     0x1292 ./Graphics/glib_line.o
 .debug_info    0x00014957      0xebc ./Graphics/glib_rectangle.o
 .debug_info    0x00015813      0xfb0 ./Graphics/glib_string.o
 .debug_info    0x000167c3     0x105e ./emlib/em_acmp.o
 .debug_info    0x00017821     0x2191 ./emlib/em_cmu.o
 .debug_info    0x000199b2     0x13fc ./emlib/em_core.o
 .debug_info    0x0001adae     0x1179 ./emlib/em_gpio.o
 .debug_info    0x0001bf27     0x14c1 ./emlib/em_i2c.o
 .debug_info    0x0001d3e8      0xcbe ./emlib/em_rtc.o
 .debug_info    0x0001e0a6      0xfdc ./emlib/em_timer.o
 .debug_info    0x0001f082     0x18d9 ./emlib/em_usart.o
 .debug_info    0x0002095b     0x1a94 ./service/sl_sleeptimer.o
 .debug_info    0x000223ef     0x138c ./service/sl_sleeptimer_hal_rtc.o
 .debug_info    0x0002377b     0x3326 ./src/functions.o
 .debug_info    0x00026aa1     0x1240 ./src/init.o
 .debug_info    0x00027ce1     0x1a5d ./src/menu.o

.debug_abbrev   0x00000000     0x6ad2
 .debug_abbrev  0x00000000      0x34f ./BSP/bsp_stk_leds.o
 .debug_abbrev  0x0000034f       0x14 ./CMSIS/EFM32ZG/startup_efm32zg.o
 .debug_abbrev  0x00000363      0x2a1 ./CMSIS/EFM32ZG/system_efm32zg.o
 .debug_abbrev  0x00000604      0x360 ./Drivers/capsense.o
 .debug_abbrev  0x00000964      0x227 ./Drivers/display.o
 .debug_abbrev  0x00000b8b      0x36e ./Drivers/displayls013b7dh03.o
 .debug_abbrev  0x00000ef9      0x368 ./Drivers/displaypalemlib.o
 .debug_abbrev  0x00001261      0x2de ./Drivers/i2cspm.o
 .debug_abbrev  0x0000153f      0x2aa ./Drivers/si1147_i2c.o
 .debug_abbrev  0x000017e9      0x36b ./Drivers/si114x_algorithm.o
 .debug_abbrev  0x00001b54      0x35f ./Drivers/si114x_functions.o
 .debug_abbrev  0x00001eb3      0x385 ./Drivers/si7013.o
 .debug_abbrev  0x00002238      0x35d ./Drivers/udelay.o
 .debug_abbrev  0x00002595      0x391 ./Graphics/dmd_display.o
 .debug_abbrev  0x00002926      0x36a ./Graphics/glib.o
 .debug_abbrev  0x00002c90      0x245 ./Graphics/glib_circle.o
 .debug_abbrev  0x00002ed5      0x1a0 ./Graphics/glib_font_narrow_6x8.o
 .debug_abbrev  0x00003075      0x1a0 ./Graphics/glib_font_normal_8x8.o
 .debug_abbrev  0x00003215      0x30e ./Graphics/glib_line.o
 .debug_abbrev  0x00003523      0x268 ./Graphics/glib_rectangle.o
 .debug_abbrev  0x0000378b      0x2b9 ./Graphics/glib_string.o
 .debug_abbrev  0x00003a44      0x35c ./emlib/em_acmp.o
 .debug_abbrev  0x00003da0      0x4f2 ./emlib/em_cmu.o
 .debug_abbrev  0x00004292      0x3d6 ./emlib/em_core.o
 .debug_abbrev  0x00004668      0x39a ./emlib/em_gpio.o
 .debug_abbrev  0x00004a02      0x432 ./emlib/em_i2c.o
 .debug_abbrev  0x00004e34      0x2e0 ./emlib/em_rtc.o
 .debug_abbrev  0x00005114      0x268 ./emlib/em_timer.o
 .debug_abbrev  0x0000537c      0x36e ./emlib/em_usart.o
 .debug_abbrev  0x000056ea      0x468 ./service/sl_sleeptimer.o
 .debug_abbrev  0x00005b52      0x3cb ./service/sl_sleeptimer_hal_rtc.o
 .debug_abbrev  0x00005f1d      0x610 ./src/functions.o
 .debug_abbrev  0x0000652d      0x273 ./src/init.o
 .debug_abbrev  0x000067a0      0x332 ./src/menu.o

.debug_loc      0x00000000     0xc914
 .debug_loc     0x00000000      0x4c1 ./BSP/bsp_stk_leds.o
 .debug_loc     0x000004c1       0xba ./CMSIS/EFM32ZG/system_efm32zg.o
 .debug_loc     0x0000057b      0x291 ./Drivers/capsense.o
 .debug_loc     0x0000080c      0x223 ./Drivers/display.o
 .debug_loc     0x00000a2f      0x62d ./Drivers/displayls013b7dh03.o
 .debug_loc     0x0000105c      0x392 ./Drivers/displaypalemlib.o
 .debug_loc     0x000013ee      0x1ac ./Drivers/i2cspm.o
 .debug_loc     0x0000159a      0x606 ./Drivers/si1147_i2c.o
 .debug_loc     0x00001ba0      0x698 ./Drivers/si114x_algorithm.o
 .debug_loc     0x00002238     0x1604 ./Drivers/si114x_functions.o
 .debug_loc     0x0000383c      0x70e ./Drivers/si7013.o
 .debug_loc     0x00003f4a      0x33e ./Drivers/udelay.o
 .debug_loc     0x00004288      0xdd0 ./Graphics/dmd_display.o
 .debug_loc     0x00005058      0x8be ./Graphics/glib.o
 .debug_loc     0x00005916      0x630 ./Graphics/glib_circle.o
 .debug_loc     0x00005f46      0x9c0 ./Graphics/glib_line.o
 .debug_loc     0x00006906      0x205 ./Graphics/glib_rectangle.o
 .debug_loc     0x00006b0b      0x636 ./Graphics/glib_string.o
 .debug_loc     0x00007141      0x2a7 ./emlib/em_acmp.o
 .debug_loc     0x000073e8     0x1815 ./emlib/em_cmu.o
 .debug_loc     0x00008bfd      0x55f ./emlib/em_core.o
 .debug_loc     0x0000915c      0x4ba ./emlib/em_gpio.o
 .debug_loc     0x00009616      0x84c ./emlib/em_i2c.o
 .debug_loc     0x00009e62      0x12e ./emlib/em_rtc.o
 .debug_loc     0x00009f90      0x13c ./emlib/em_timer.o
 .debug_loc     0x0000a0cc      0x6ea ./emlib/em_usart.o
 .debug_loc     0x0000a7b6     0x130a ./service/sl_sleeptimer.o
 .debug_loc     0x0000bac0      0x31a ./service/sl_sleeptimer_hal_rtc.o
 .debug_loc     0x0000bdda      0xa06 ./src/functions.o
 .debug_loc     0x0000c7e0       0xc0 ./src/init.o
 .debug_loc     0x0000c8a0       0x74 ./src/menu.o

.debug_aranges  0x00000000      0xd38
 .debug_aranges
                0x00000000       0x50 ./BSP/bsp_stk_leds.o
 .debug_aranges
                0x00000050       0x20 ./CMSIS/EFM32ZG/startup_efm32zg.o
 .debug_aranges
                0x00000070       0x68 ./CMSIS/EFM32ZG/system_efm32zg.o
 .debug_aranges
                0x000000d8       0x50 ./Drivers/capsense.o
 .debug_aranges
                0x00000128       0x38 ./Drivers/display.o
 .debug_aranges
                0x00000160       0x60 ./Drivers/displayls013b7dh03.o
 .debug_aranges
                0x000001c0       0x80 ./Drivers/displaypalemlib.o
 .debug_aranges
                0x00000240       0x28 ./Drivers/i2cspm.o
 .debug_aranges
                0x00000268       0x68 ./Drivers/si1147_i2c.o
 .debug_aranges
                0x000002d0       0x50 ./Drivers/si114x_algorithm.o
 .debug_aranges
                0x00000320       0xc8 ./Drivers/si114x_functions.o
 .debug_aranges
                0x000003e8       0x58 ./Drivers/si7013.o
 .debug_aranges
                0x00000440       0x28 ./Drivers/udelay.o
 .debug_aranges
                0x00000468       0x90 ./Graphics/dmd_display.o
 .debug_aranges
                0x000004f8       0x88 ./Graphics/glib.o
 .debug_aranges
                0x00000580       0x38 ./Graphics/glib_circle.o
 .debug_aranges
                0x000005b8       0x18 ./Graphics/glib_font_narrow_6x8.o
 .debug_aranges
                0x000005d0       0x18 ./Graphics/glib_font_normal_8x8.o
 .debug_aranges
                0x000005e8       0x38 ./Graphics/glib_line.o
 .debug_aranges
                0x00000620       0x38 ./Graphics/glib_rectangle.o
 .debug_aranges
                0x00000658       0x30 ./Graphics/glib_string.o
 .debug_aranges
                0x00000688       0x58 ./emlib/em_acmp.o
 .debug_aranges
                0x000006e0      0x110 ./emlib/em_cmu.o
 .debug_aranges
                0x000007f0       0xc0 ./emlib/em_core.o
 .debug_aranges
                0x000008b0       0x48 ./emlib/em_gpio.o
 .debug_aranges
                0x000008f8       0x50 ./emlib/em_i2c.o
 .debug_aranges
                0x00000948       0x50 ./emlib/em_rtc.o
 .debug_aranges
                0x00000998       0x30 ./emlib/em_timer.o
 .debug_aranges
                0x000009c8       0xb8 ./emlib/em_usart.o
 .debug_aranges
                0x00000a80       0xe0 ./service/sl_sleeptimer.o
 .debug_aranges
                0x00000b60       0x60 ./service/sl_sleeptimer_hal_rtc.o
 .debug_aranges
                0x00000bc0      0x130 ./src/functions.o
 .debug_aranges
                0x00000cf0       0x20 ./src/init.o
 .debug_aranges
                0x00000d10       0x28 ./src/menu.o

.debug_ranges   0x00000000     0x1448
 .debug_ranges  0x00000000       0xf0 ./BSP/bsp_stk_leds.o
 .debug_ranges  0x000000f0       0x70 ./CMSIS/EFM32ZG/system_efm32zg.o
 .debug_ranges  0x00000160       0x80 ./Drivers/capsense.o
 .debug_ranges  0x000001e0       0x28 ./Drivers/display.o
 .debug_ranges  0x00000208       0x50 ./Drivers/displayls013b7dh03.o
 .debug_ranges  0x00000258       0xb8 ./Drivers/displaypalemlib.o
 .debug_ranges  0x00000310       0x60 ./Drivers/i2cspm.o
 .debug_ranges  0x00000370       0x58 ./Drivers/si1147_i2c.o
 .debug_ranges  0x000003c8       0x78 ./Drivers/si114x_algorithm.o
 .debug_ranges  0x00000440      0x110 ./Drivers/si114x_functions.o
 .debug_ranges  0x00000550       0x70 ./Drivers/si7013.o
 .debug_ranges  0x000005c0       0x50 ./Drivers/udelay.o
 .debug_ranges  0x00000610       0xc8 ./Graphics/dmd_display.o
 .debug_ranges  0x000006d8       0xc0 ./Graphics/glib.o
 .debug_ranges  0x00000798       0x28 ./Graphics/glib_circle.o
 .debug_ranges  0x000007c0       0x28 ./Graphics/glib_line.o
 .debug_ranges  0x000007e8       0x28 ./Graphics/glib_rectangle.o
 .debug_ranges  0x00000810       0x40 ./Graphics/glib_string.o
 .debug_ranges  0x00000850       0xa0 ./emlib/em_acmp.o
 .debug_ranges  0x000008f0      0x250 ./emlib/em_cmu.o
 .debug_ranges  0x00000b40      0x140 ./emlib/em_core.o
 .debug_ranges  0x00000c80       0xf0 ./emlib/em_gpio.o
 .debug_ranges  0x00000d70      0x108 ./emlib/em_i2c.o
 .debug_ranges  0x00000e78       0x58 ./emlib/em_rtc.o
 .debug_ranges  0x00000ed0       0x20 ./emlib/em_timer.o
 .debug_ranges  0x00000ef0       0xc0 ./emlib/em_usart.o
 .debug_ranges  0x00000fb0      0x150 ./service/sl_sleeptimer.o
 .debug_ranges  0x00001100       0xe0 ./service/sl_sleeptimer_hal_rtc.o
 .debug_ranges  0x000011e0      0x200 ./src/functions.o
 .debug_ranges  0x000013e0       0x10 ./src/init.o
 .debug_ranges  0x000013f0       0x58 ./src/menu.o

.debug_macro    0x00000000     0x8758
 .debug_macro   0x00000000      0x353 ./BSP/bsp_stk_leds.o
 .debug_macro   0x00000353       0x4f ./BSP/bsp_stk_leds.o
 .debug_macro   0x000003a2       0x51 ./BSP/bsp_stk_leds.o
 .debug_macro   0x000003f3       0xb5 ./BSP/bsp_stk_leds.o
 .debug_macro   0x000004a8       0x58 ./BSP/bsp_stk_leds.o
 .debug_macro   0x00000500      0x34d ./BSP/bsp_stk_leds.o
 .debug_macro   0x0000084d      0x2e4 ./CMSIS/EFM32ZG/system_efm32zg.o
 .debug_macro   0x00000b31      0x33a ./Drivers/capsense.o
 .debug_macro   0x00000e6b       0xb9 ./Drivers/capsense.o
 .debug_macro   0x00000f24       0x12 ./Drivers/capsense.o
 .debug_macro   0x00000f36       0x11 ./Drivers/capsense.o
 .debug_macro   0x00000f47       0x3a ./Drivers/capsense.o
 .debug_macro   0x00000f81      0x19b ./Drivers/display.o
 .debug_macro   0x0000111c       0x10 ./Drivers/display.o
 .debug_macro   0x0000112c       0x40 ./Drivers/display.o
 .debug_macro   0x0000116c       0x28 ./Drivers/display.o
 .debug_macro   0x00001194       0x76 ./Drivers/display.o
 .debug_macro   0x0000120a       0x1c ./Drivers/display.o
 .debug_macro   0x00001226       0x10 ./Drivers/display.o
 .debug_macro   0x00001236       0x1c ./Drivers/display.o
 .debug_macro   0x00001252       0x28 ./Drivers/display.o
 .debug_macro   0x0000127a      0x426 ./Drivers/displayls013b7dh03.o
 .debug_macro   0x000016a0       0x16 ./Drivers/displayls013b7dh03.o
 .debug_macro   0x000016b6       0x97 ./Drivers/displayls013b7dh03.o
 .debug_macro   0x0000174d       0xf6 ./Drivers/displayls013b7dh03.o
 .debug_macro   0x00001843       0x10 ./Drivers/displayls013b7dh03.o
 .debug_macro   0x00001853       0x10 ./Drivers/displayls013b7dh03.o
 .debug_macro   0x00001863       0xb6 ./Drivers/displayls013b7dh03.o
 .debug_macro   0x00001919       0x16 ./Drivers/displayls013b7dh03.o
 .debug_macro   0x0000192f      0x129 ./Drivers/displayls013b7dh03.o
 .debug_macro   0x00001a58       0x16 ./Drivers/displayls013b7dh03.o
 .debug_macro   0x00001a6e       0x22 ./Drivers/displayls013b7dh03.o
 .debug_macro   0x00001a90       0x16 ./Drivers/displayls013b7dh03.o
 .debug_macro   0x00001aa6       0x16 ./Drivers/displayls013b7dh03.o
 .debug_macro   0x00001abc       0x2e ./Drivers/displayls013b7dh03.o
 .debug_macro   0x00001aea      0x445 ./Drivers/displaypalemlib.o
 .debug_macro   0x00001f2f      0x32b ./Drivers/i2cspm.o
 .debug_macro   0x0000225a       0x16 ./Drivers/i2cspm.o
 .debug_macro   0x00002270       0x45 ./Drivers/i2cspm.o
 .debug_macro   0x000022b5      0x354 ./Drivers/si1147_i2c.o
 .debug_macro   0x00002609       0x24 ./Drivers/si1147_i2c.o
 .debug_macro   0x0000262d      0x5a4 ./Drivers/si1147_i2c.o
 .debug_macro   0x00002bd1       0x3a ./Drivers/si1147_i2c.o
 .debug_macro   0x00002c0b      0x6de ./Drivers/si1147_i2c.o
 .debug_macro   0x000032e9       0x10 ./Drivers/si1147_i2c.o
 .debug_macro   0x000032f9      0x346 ./Drivers/si114x_algorithm.o
 .debug_macro   0x0000363f      0x103 ./Drivers/si114x_functions.o
 .debug_macro   0x00003742       0x25 ./Drivers/si114x_functions.o
 .debug_macro   0x00003767      0x360 ./Drivers/si7013.o
 .debug_macro   0x00003ac7       0x22 ./Drivers/si7013.o
 .debug_macro   0x00003ae9      0x325 ./Drivers/udelay.o
 .debug_macro   0x00003e0e       0xc0 ./Drivers/udelay.o
 .debug_macro   0x00003ece       0x16 ./Drivers/udelay.o
 .debug_macro   0x00003ee4      0x1cd ./Graphics/dmd_display.o
 .debug_macro   0x000040b1      0x10e ./Graphics/dmd_display.o
 .debug_macro   0x000041bf       0x86 ./Graphics/dmd_display.o
 .debug_macro   0x00004245       0x16 ./Graphics/dmd_display.o
 .debug_macro   0x0000425b       0x82 ./Graphics/dmd_display.o
 .debug_macro   0x000042dd      0x32f ./Graphics/glib.o
 .debug_macro   0x0000460c      0x3a9 ./Graphics/glib.o
 .debug_macro   0x000049b5       0x51 ./Graphics/glib.o
 .debug_macro   0x00004a06      0x156 ./Graphics/glib_circle.o
 .debug_macro   0x00004b5c      0x15c ./Graphics/glib_font_narrow_6x8.o
 .debug_macro   0x00004cb8       0x7c ./Graphics/glib_font_narrow_6x8.o
 .debug_macro   0x00004d34      0x15c ./Graphics/glib_font_normal_8x8.o
 .debug_macro   0x00004e90      0x155 ./Graphics/glib_line.o
 .debug_macro   0x00004fe5      0x156 ./Graphics/glib_rectangle.o
 .debug_macro   0x0000513b      0x172 ./Graphics/glib_string.o
 .debug_macro   0x000052ad      0x31e ./emlib/em_acmp.o
 .debug_macro   0x000055cb      0x36c ./emlib/em_cmu.o
 .debug_macro   0x00005937       0x2b ./emlib/em_cmu.o
 .debug_macro   0x00005962       0xee ./emlib/em_cmu.o
 .debug_macro   0x00005a50      0x316 ./emlib/em_core.o
 .debug_macro   0x00005d66       0x63 ./emlib/em_core.o
 .debug_macro   0x00005dc9       0xba ./emlib/em_core.o
 .debug_macro   0x00005e83      0x2fd ./emlib/em_gpio.o
 .debug_macro   0x00006180      0x35f ./emlib/em_i2c.o
 .debug_macro   0x000064df       0x3f ./emlib/em_i2c.o
 .debug_macro   0x0000651e      0x2f7 ./emlib/em_rtc.o
 .debug_macro   0x00006815       0x10 ./emlib/em_rtc.o
 .debug_macro   0x00006825      0x2eb ./emlib/em_timer.o
 .debug_macro   0x00006b10       0x72 ./emlib/em_timer.o
 .debug_macro   0x00006b82      0x341 ./emlib/em_usart.o
 .debug_macro   0x00006ec3       0xeb ./emlib/em_usart.o
 .debug_macro   0x00006fae      0x413 ./service/sl_sleeptimer.o
 .debug_macro   0x000073c1       0x10 ./service/sl_sleeptimer.o
 .debug_macro   0x000073d1       0x10 ./service/sl_sleeptimer.o
 .debug_macro   0x000073e1       0x10 ./service/sl_sleeptimer.o
 .debug_macro   0x000073f1       0x2e ./service/sl_sleeptimer.o
 .debug_macro   0x0000741f       0x1c ./service/sl_sleeptimer.o
 .debug_macro   0x0000743b      0x37d ./service/sl_sleeptimer_hal_rtc.o
 .debug_macro   0x000077b8      0x4c2 ./src/functions.o
 .debug_macro   0x00007c7a       0x94 ./src/functions.o
 .debug_macro   0x00007d0e       0x22 ./src/functions.o
 .debug_macro   0x00007d30       0x16 ./src/functions.o
 .debug_macro   0x00007d46       0x78 ./src/functions.o
 .debug_macro   0x00007dbe       0x28 ./src/functions.o
 .debug_macro   0x00007de6       0xb2 ./src/functions.o
 .debug_macro   0x00007e98      0x39c ./src/init.o
 .debug_macro   0x00008234      0x48a ./src/menu.o
 .debug_macro   0x000086be       0x9a ./src/menu.o

.debug_line     0x00000000    0x11567
 .debug_line    0x00000000      0x8da ./BSP/bsp_stk_leds.o
 .debug_line    0x000008da       0xc0 ./CMSIS/EFM32ZG/startup_efm32zg.o
 .debug_line    0x0000099a      0x75e ./CMSIS/EFM32ZG/system_efm32zg.o
 .debug_line    0x000010f8      0x8c2 ./Drivers/capsense.o
 .debug_line    0x000019ba      0x515 ./Drivers/display.o
 .debug_line    0x00001ecf      0xa8a ./Drivers/displayls013b7dh03.o
 .debug_line    0x00002959      0xb09 ./Drivers/displaypalemlib.o
 .debug_line    0x00003462      0x7ec ./Drivers/i2cspm.o
 .debug_line    0x00003c4e      0x9af ./Drivers/si1147_i2c.o
 .debug_line    0x000045fd      0x82e ./Drivers/si114x_algorithm.o
 .debug_line    0x00004e2b      0x5de ./Drivers/si114x_functions.o
 .debug_line    0x00005409      0x889 ./Drivers/si7013.o
 .debug_line    0x00005c92      0x84f ./Drivers/udelay.o
 .debug_line    0x000064e1      0x7db ./Graphics/dmd_display.o
 .debug_line    0x00006cbc      0x8ec ./Graphics/glib.o
 .debug_line    0x000075a8      0x439 ./Graphics/glib_circle.o
 .debug_line    0x000079e1      0x39d ./Graphics/glib_font_narrow_6x8.o
 .debug_line    0x00007d7e      0x39d ./Graphics/glib_font_normal_8x8.o
 .debug_line    0x0000811b      0x4c1 ./Graphics/glib_line.o
 .debug_line    0x000085dc      0x420 ./Graphics/glib_rectangle.o
 .debug_line    0x000089fc      0x465 ./Graphics/glib_string.o
 .debug_line    0x00008e61      0x82c ./emlib/em_acmp.o
 .debug_line    0x0000968d      0xe43 ./emlib/em_cmu.o
 .debug_line    0x0000a4d0      0x938 ./emlib/em_core.o
 .debug_line    0x0000ae08      0x808 ./emlib/em_gpio.o
 .debug_line    0x0000b610      0x9e8 ./emlib/em_i2c.o
 .debug_line    0x0000bff8      0x79b ./emlib/em_rtc.o
 .debug_line    0x0000c793      0x72e ./emlib/em_timer.o
 .debug_line    0x0000cec1      0x9b5 ./emlib/em_usart.o
 .debug_line    0x0000d876      0xbe5 ./service/sl_sleeptimer.o
 .debug_line    0x0000e45b      0xa0a ./service/sl_sleeptimer_hal_rtc.o
 .debug_line    0x0000ee65     0x1219 ./src/functions.o
 .debug_line    0x0001007e      0x906 ./src/init.o
 .debug_line    0x00010984      0xbe3 ./src/menu.o

.debug_str      0x00000000    0x6bc9e
 .debug_str     0x00000000    0x5d615 ./BSP/bsp_stk_leds.o
                              0x5d8cc (size before relaxing)
 .debug_str     0x0005d615       0x82 ./CMSIS/EFM32ZG/startup_efm32zg.o
                                 0xdf (size before relaxing)
 .debug_str     0x0005d697      0x2f3 ./CMSIS/EFM32ZG/system_efm32zg.o
                              0x5b755 (size before relaxing)
 .debug_str     0x0005d98a      0x91f ./Drivers/capsense.o
                              0x5d4ee (size before relaxing)
 .debug_str     0x0005e2a9      0xac8 ./Drivers/display.o
                               0x7669 (size before relaxing)
 .debug_str     0x0005ed71      0xb1c ./Drivers/displayls013b7dh03.o
                              0x5d07c (size before relaxing)
 .debug_str     0x0005f88d      0x3e1 ./Drivers/displaypalemlib.o
                              0x5eaed (size before relaxing)
 .debug_str     0x0005fc6e      0x453 ./Drivers/i2cspm.o
                              0x5d1ce (size before relaxing)
 .debug_str     0x000600c1     0x4c91 ./Drivers/si1147_i2c.o
                              0x60b28 (size before relaxing)
 .debug_str     0x00064d52      0x434 ./Drivers/si114x_algorithm.o
                              0x5c92d (size before relaxing)
 .debug_str     0x00065186      0x5b1 ./Drivers/si114x_functions.o
                               0x5239 (size before relaxing)
 .debug_str     0x00065737      0x2aa ./Drivers/si7013.o
                              0x5c186 (size before relaxing)
 .debug_str     0x000659e1      0x99d ./Drivers/udelay.o
                              0x5d6ee (size before relaxing)
 .debug_str     0x0006637e      0x6bb ./Graphics/dmd_display.o
                               0x7cd9 (size before relaxing)
 .debug_str     0x00066a39     0x1271 ./Graphics/glib.o
                              0x5cc43 (size before relaxing)
 .debug_str     0x00067caa      0x106 ./Graphics/glib_circle.o
                               0x81ef (size before relaxing)
 .debug_str     0x00067db0       0x80 ./Graphics/glib_font_narrow_6x8.o
                               0x801d (size before relaxing)
 .debug_str     0x00067e30       0x80 ./Graphics/glib_font_normal_8x8.o
                               0x801d (size before relaxing)
 .debug_str     0x00067eb0       0xe9 ./Graphics/glib_line.o
                               0x8253 (size before relaxing)
 .debug_str     0x00067f99       0xa3 ./Graphics/glib_rectangle.o
                               0x8230 (size before relaxing)
 .debug_str     0x0006803c       0xe4 ./Graphics/glib_string.o
                               0x821c (size before relaxing)
 .debug_str     0x00068120      0x1b4 ./emlib/em_acmp.o
                              0x5c16a (size before relaxing)
 .debug_str     0x000682d4      0x94b ./emlib/em_cmu.o
                              0x5d7e0 (size before relaxing)
 .debug_str     0x00068c1f      0x377 ./emlib/em_core.o
                              0x5c2bc (size before relaxing)
 .debug_str     0x00068f96      0x20c ./emlib/em_gpio.o
                              0x5c04e (size before relaxing)
 .debug_str     0x000691a2      0x28d ./emlib/em_i2c.o
                              0x5d375 (size before relaxing)
 .debug_str     0x0006942f       0xc9 ./emlib/em_rtc.o
                              0x5b664 (size before relaxing)
 .debug_str     0x000694f8      0x779 ./emlib/em_timer.o
                              0x5bcaa (size before relaxing)
 .debug_str     0x00069c71      0x5da ./emlib/em_usart.o
                              0x5d841 (size before relaxing)
 .debug_str     0x0006a24b      0xa17 ./service/sl_sleeptimer.o
                              0x6062f (size before relaxing)
 .debug_str     0x0006ac62      0x1cb ./service/sl_sleeptimer_hal_rtc.o
                              0x611f9 (size before relaxing)
 .debug_str     0x0006ae2d      0xdcb ./src/functions.o
                              0x65a64 (size before relaxing)
 .debug_str     0x0006bbf8       0x27 ./src/init.o
                              0x5e3be (size before relaxing)
 .debug_str     0x0006bc1f       0x7f ./src/menu.o
                              0x61026 (size before relaxing)

.debug_frame    0x00000000     0x2478
 .debug_frame   0x00000000       0x88 ./BSP/bsp_stk_leds.o
 .debug_frame   0x00000088       0xc8 ./CMSIS/EFM32ZG/system_efm32zg.o
 .debug_frame   0x00000150       0xb0 ./Drivers/capsense.o
 .debug_frame   0x00000200       0x74 ./Drivers/display.o
 .debug_frame   0x00000274       0xfc ./Drivers/displayls013b7dh03.o
 .debug_frame   0x00000370      0x128 ./Drivers/displaypalemlib.o
 .debug_frame   0x00000498       0x48 ./Drivers/i2cspm.o
 .debug_frame   0x000004e0      0x120 ./Drivers/si1147_i2c.o
 .debug_frame   0x00000600       0xd4 ./Drivers/si114x_algorithm.o
 .debug_frame   0x000006d4      0x250 ./Drivers/si114x_functions.o
 .debug_frame   0x00000924       0xfc ./Drivers/si7013.o
 .debug_frame   0x00000a20       0x40 ./Drivers/udelay.o
 .debug_frame   0x00000a60      0x188 ./Graphics/dmd_display.o
 .debug_frame   0x00000be8      0x190 ./Graphics/glib.o
 .debug_frame   0x00000d78       0x8c ./Graphics/glib_circle.o
 .debug_frame   0x00000e04       0x88 ./Graphics/glib_line.o
 .debug_frame   0x00000e8c       0x7c ./Graphics/glib_rectangle.o
 .debug_frame   0x00000f08       0x68 ./Graphics/glib_string.o
 .debug_frame   0x00000f70       0xbc ./emlib/em_acmp.o
 .debug_frame   0x0000102c      0x2b0 ./emlib/em_cmu.o
 .debug_frame   0x000012dc      0x218 ./emlib/em_core.o
 .debug_frame   0x000014f4       0x94 ./emlib/em_gpio.o
 .debug_frame   0x00001588       0xbc ./emlib/em_i2c.o
 .debug_frame   0x00001644       0x88 ./emlib/em_rtc.o
 .debug_frame   0x000016cc       0x60 ./emlib/em_timer.o
 .debug_frame   0x0000172c      0x1b0 ./emlib/em_usart.o
 .debug_frame   0x000018dc      0x2c0 ./service/sl_sleeptimer.o
 .debug_frame   0x00001b9c       0xcc ./service/sl_sleeptimer_hal_rtc.o
 .debug_frame   0x00001c68      0x380 ./src/functions.o
 .debug_frame   0x00001fe8       0x2c ./src/init.o
 .debug_frame   0x00002014       0x40 ./src/menu.o
 .debug_frame   0x00002054       0x20 d:/simplicity/developer/toolchains/gnu_arm/7.2_2017q4/bin/../lib/gcc/arm-none-eabi/7.2.1/thumb/v6-m\libgcc.a(_udivsi3.o)
 .debug_frame   0x00002074       0x20 d:/simplicity/developer/toolchains/gnu_arm/7.2_2017q4/bin/../lib/gcc/arm-none-eabi/7.2.1/thumb/v6-m\libgcc.a(_divsi3.o)
 .debug_frame   0x00002094       0x3c d:/simplicity/developer/toolchains/gnu_arm/7.2_2017q4/bin/../lib/gcc/arm-none-eabi/7.2.1/thumb/v6-m\libgcc.a(_udivmoddi4.o)
 .debug_frame   0x000020d0       0x20 d:/simplicity/developer/toolchains/gnu_arm/7.2_2017q4/bin/../lib/gcc/arm-none-eabi/7.2.1/../../../../arm-none-eabi/lib/thumb/v6-m\libc_nano.a(lib_a-abs.o)
 .debug_frame   0x000020f0       0x28 d:/simplicity/developer/toolchains/gnu_arm/7.2_2017q4/bin/../lib/gcc/arm-none-eabi/7.2.1/../../../../arm-none-eabi/lib/thumb/v6-m\libc_nano.a(lib_a-exit.o)
 .debug_frame   0x00002118       0x2c d:/simplicity/developer/toolchains/gnu_arm/7.2_2017q4/bin/../lib/gcc/arm-none-eabi/7.2.1/../../../../arm-none-eabi/lib/thumb/v6-m\libc_nano.a(lib_a-init.o)
 .debug_frame   0x00002144       0x28 d:/simplicity/developer/toolchains/gnu_arm/7.2_2017q4/bin/../lib/gcc/arm-none-eabi/7.2.1/../../../../arm-none-eabi/lib/thumb/v6-m\libc_nano.a(lib_a-memcpy-stub.o)
 .debug_frame   0x0000216c       0x20 d:/simplicity/developer/toolchains/gnu_arm/7.2_2017q4/bin/../lib/gcc/arm-none-eabi/7.2.1/../../../../arm-none-eabi/lib/thumb/v6-m\libc_nano.a(lib_a-memset.o)
 .debug_frame   0x0000218c       0x50 d:/simplicity/developer/toolchains/gnu_arm/7.2_2017q4/bin/../lib/gcc/arm-none-eabi/7.2.1/../../../../arm-none-eabi/lib/thumb/v6-m\libc_nano.a(lib_a-snprintf.o)
 .debug_frame   0x000021dc       0x74 d:/simplicity/developer/toolchains/gnu_arm/7.2_2017q4/bin/../lib/gcc/arm-none-eabi/7.2.1/../../../../arm-none-eabi/lib/thumb/v6-m\libc_nano.a(lib_a-nano-svfprintf.o)
 .debug_frame   0x00002250       0x54 d:/simplicity/developer/toolchains/gnu_arm/7.2_2017q4/bin/../lib/gcc/arm-none-eabi/7.2.1/../../../../arm-none-eabi/lib/thumb/v6-m\libc_nano.a(lib_a-nano-vfprintf_i.o)
 .debug_frame   0x000022a4       0x20 d:/simplicity/developer/toolchains/gnu_arm/7.2_2017q4/bin/../lib/gcc/arm-none-eabi/7.2.1/../../../../arm-none-eabi/lib/thumb/v6-m\libc_nano.a(lib_a-memchr-stub.o)
 .debug_frame   0x000022c4       0x28 d:/simplicity/developer/toolchains/gnu_arm/7.2_2017q4/bin/../lib/gcc/arm-none-eabi/7.2.1/../../../../arm-none-eabi/lib/thumb/v6-m\libc_nano.a(lib_a-memmove.o)
 .debug_frame   0x000022ec       0x2c d:/simplicity/developer/toolchains/gnu_arm/7.2_2017q4/bin/../lib/gcc/arm-none-eabi/7.2.1/../../../../arm-none-eabi/lib/thumb/v6-m\libc_nano.a(lib_a-nano-freer.o)
 .debug_frame   0x00002318       0x2c d:/simplicity/developer/toolchains/gnu_arm/7.2_2017q4/bin/../lib/gcc/arm-none-eabi/7.2.1/../../../../arm-none-eabi/lib/thumb/v6-m\libc_nano.a(lib_a-nano-mallocr.o)